Archive member included to satisfy reference by file (symbol)

d:/stm32cubetoolchains/arm-gnu-toolchain-12.2.rel1-mingw-w64-i686-arm-none-eabi/bin/../lib/gcc/arm-none-eabi/12.2.1/thumb/v7-m/nofp\libstdc++.a(new_opv.o)
                              CMakeFiles/dreamView-FW.elf.dir/Core/Src/menu.cpp.obj (operator new[](unsigned int))
d:/stm32cubetoolchains/arm-gnu-toolchain-12.2.rel1-mingw-w64-i686-arm-none-eabi/bin/../lib/gcc/arm-none-eabi/12.2.1/thumb/v7-m/nofp\libstdc++.a(new_op.o)
                              d:/stm32cubetoolchains/arm-gnu-toolchain-12.2.rel1-mingw-w64-i686-arm-none-eabi/bin/../lib/gcc/arm-none-eabi/12.2.1/thumb/v7-m/nofp\libstdc++.a(new_opv.o) (operator new(unsigned int))
d:/stm32cubetoolchains/arm-gnu-toolchain-12.2.rel1-mingw-w64-i686-arm-none-eabi/bin/../lib/gcc/arm-none-eabi/12.2.1/thumb/v7-m/nofp\libstdc++.a(bad_alloc.o)
                              d:/stm32cubetoolchains/arm-gnu-toolchain-12.2.rel1-mingw-w64-i686-arm-none-eabi/bin/../lib/gcc/arm-none-eabi/12.2.1/thumb/v7-m/nofp\libstdc++.a(new_op.o) (vtable for std::bad_alloc)
d:/stm32cubetoolchains/arm-gnu-toolchain-12.2.rel1-mingw-w64-i686-arm-none-eabi/bin/../lib/gcc/arm-none-eabi/12.2.1/thumb/v7-m/nofp\libstdc++.a(del_ops.o)
                              d:/stm32cubetoolchains/arm-gnu-toolchain-12.2.rel1-mingw-w64-i686-arm-none-eabi/bin/../lib/gcc/arm-none-eabi/12.2.1/thumb/v7-m/nofp\libstdc++.a(bad_alloc.o) (operator delete(void*, unsigned int))
d:/stm32cubetoolchains/arm-gnu-toolchain-12.2.rel1-mingw-w64-i686-arm-none-eabi/bin/../lib/gcc/arm-none-eabi/12.2.1/thumb/v7-m/nofp\libstdc++.a(eh_alloc.o)
                              d:/stm32cubetoolchains/arm-gnu-toolchain-12.2.rel1-mingw-w64-i686-arm-none-eabi/bin/../lib/gcc/arm-none-eabi/12.2.1/thumb/v7-m/nofp\libstdc++.a(new_op.o) (__cxa_allocate_exception)
d:/stm32cubetoolchains/arm-gnu-toolchain-12.2.rel1-mingw-w64-i686-arm-none-eabi/bin/../lib/gcc/arm-none-eabi/12.2.1/thumb/v7-m/nofp\libstdc++.a(eh_exception.o)
                              d:/stm32cubetoolchains/arm-gnu-toolchain-12.2.rel1-mingw-w64-i686-arm-none-eabi/bin/../lib/gcc/arm-none-eabi/12.2.1/thumb/v7-m/nofp\libstdc++.a(bad_alloc.o) (std::exception::~exception())
d:/stm32cubetoolchains/arm-gnu-toolchain-12.2.rel1-mingw-w64-i686-arm-none-eabi/bin/../lib/gcc/arm-none-eabi/12.2.1/thumb/v7-m/nofp\libstdc++.a(eh_terminate.o)
                              d:/stm32cubetoolchains/arm-gnu-toolchain-12.2.rel1-mingw-w64-i686-arm-none-eabi/bin/../lib/gcc/arm-none-eabi/12.2.1/thumb/v7-m/nofp\libstdc++.a(eh_alloc.o) (std::terminate())
d:/stm32cubetoolchains/arm-gnu-toolchain-12.2.rel1-mingw-w64-i686-arm-none-eabi/bin/../lib/gcc/arm-none-eabi/12.2.1/thumb/v7-m/nofp\libstdc++.a(eh_throw.o)
                              d:/stm32cubetoolchains/arm-gnu-toolchain-12.2.rel1-mingw-w64-i686-arm-none-eabi/bin/../lib/gcc/arm-none-eabi/12.2.1/thumb/v7-m/nofp\libstdc++.a(new_op.o) (__cxa_throw)
d:/stm32cubetoolchains/arm-gnu-toolchain-12.2.rel1-mingw-w64-i686-arm-none-eabi/bin/../lib/gcc/arm-none-eabi/12.2.1/thumb/v7-m/nofp\libstdc++.a(eh_unex_handler.o)
                              d:/stm32cubetoolchains/arm-gnu-toolchain-12.2.rel1-mingw-w64-i686-arm-none-eabi/bin/../lib/gcc/arm-none-eabi/12.2.1/thumb/v7-m/nofp\libstdc++.a(eh_terminate.o) (__cxxabiv1::__unexpected_handler)
d:/stm32cubetoolchains/arm-gnu-toolchain-12.2.rel1-mingw-w64-i686-arm-none-eabi/bin/../lib/gcc/arm-none-eabi/12.2.1/thumb/v7-m/nofp\libstdc++.a(new_handler.o)
                              d:/stm32cubetoolchains/arm-gnu-toolchain-12.2.rel1-mingw-w64-i686-arm-none-eabi/bin/../lib/gcc/arm-none-eabi/12.2.1/thumb/v7-m/nofp\libstdc++.a(new_op.o) (std::get_new_handler())
d:/stm32cubetoolchains/arm-gnu-toolchain-12.2.rel1-mingw-w64-i686-arm-none-eabi/bin/../lib/gcc/arm-none-eabi/12.2.1/thumb/v7-m/nofp\libstdc++.a(si_class_type_info.o)
                              d:/stm32cubetoolchains/arm-gnu-toolchain-12.2.rel1-mingw-w64-i686-arm-none-eabi/bin/../lib/gcc/arm-none-eabi/12.2.1/thumb/v7-m/nofp\libstdc++.a(bad_alloc.o) (vtable for __cxxabiv1::__si_class_type_info)
d:/stm32cubetoolchains/arm-gnu-toolchain-12.2.rel1-mingw-w64-i686-arm-none-eabi/bin/../lib/gcc/arm-none-eabi/12.2.1/thumb/v7-m/nofp\libstdc++.a(tinfo.o)
                              d:/stm32cubetoolchains/arm-gnu-toolchain-12.2.rel1-mingw-w64-i686-arm-none-eabi/bin/../lib/gcc/arm-none-eabi/12.2.1/thumb/v7-m/nofp\libstdc++.a(si_class_type_info.o) (std::type_info::__is_pointer_p() const)
d:/stm32cubetoolchains/arm-gnu-toolchain-12.2.rel1-mingw-w64-i686-arm-none-eabi/bin/../lib/gcc/arm-none-eabi/12.2.1/thumb/v7-m/nofp\libstdc++.a(vterminate.o)
                              d:/stm32cubetoolchains/arm-gnu-toolchain-12.2.rel1-mingw-w64-i686-arm-none-eabi/bin/../lib/gcc/arm-none-eabi/12.2.1/thumb/v7-m/nofp\libstdc++.a(eh_terminate.o) (__gnu_cxx::__verbose_terminate_handler())
[...]
Memory Configuration

Name             Origin             Length             Attributes
RAM              0x20000000         0x00005000         xrw
FLASH            0x08000000         0x00020000         xr
*default*        0x00000000         0xffffffff

Linker script and memory map

LOAD d:/stm32cubetoolchains/arm-gnu-toolchain-12.2.rel1-mingw-w64-i686-arm-none-eabi/bin/../lib/gcc/arm-none-eabi/12.2.1/thumb/v7-m/nofp/crti.o
LOAD d:/stm32cubetoolchains/arm-gnu-toolchain-12.2.rel1-mingw-w64-i686-arm-none-eabi/bin/../lib/gcc/arm-none-eabi/12.2.1/thumb/v7-m/nofp/crtbegin.o
LOAD d:/stm32cubetoolchains/arm-gnu-toolchain-12.2.rel1-mingw-w64-i686-arm-none-eabi/bin/../lib/gcc/arm-none-eabi/12.2.1/thumb/v7-m/nofp/crt0.o
LOAD CMakeFiles/dreamView-FW.elf.dir/Core/Src/buzzer_fir.c.obj
LOAD CMakeFiles/dreamView-FW.elf.dir/Core/Src/core.cpp.obj
LOAD CMakeFiles/dreamView-FW.elf.dir/Core/Src/dma.c.obj
LOAD CMakeFiles/dreamView-FW.elf.dir/Core/Src/gpio.c.obj
LOAD CMakeFiles/dreamView-FW.elf.dir/Core/Src/main.c.obj
LOAD CMakeFiles/dreamView-FW.elf.dir/Core/Src/menu.cpp.obj
LOAD CMakeFiles/dreamView-FW.elf.dir/Core/Src/mui.c.obj
LOAD CMakeFiles/dreamView-FW.elf.dir/Core/Src/mui_u8g2.c.obj
LOAD CMakeFiles/dreamView-FW.elf.dir/Core/Src/oled_encoder_fir.c.obj
LOAD CMakeFiles/dreamView-FW.elf.dir/Core/Src/oled_key_fir.c.obj
LOAD CMakeFiles/dreamView-FW.elf.dir/Core/Src/oled_menu_fir.c.obj
LOAD CMakeFiles/dreamView-FW.elf.dir/Core/Src/oled_menu_init_fir.c.obj
LOAD CMakeFiles/dreamView-FW.elf.dir/Core/Src/oled_menu_proc_fir.c.obj
LOAD CMakeFiles/dreamView-FW.elf.dir/Core/Src/oled_menu_show_fir.c.obj
LOAD CMakeFiles/dreamView-FW.elf.dir/Core/Src/oled_setup_u8g2_fir.c.obj
LOAD CMakeFiles/dreamView-FW.elf.dir/Core/Src/shutter_timer_fir.c.obj
LOAD CMakeFiles/dreamView-FW.elf.dir/Core/Src/spi.c.obj
LOAD CMakeFiles/dreamView-FW.elf.dir/Core/Src/stm32f1xx_hal_msp.c.obj
LOAD CMakeFiles/dreamView-FW.elf.dir/Core/Src/stm32f1xx_it.c.obj
LOAD CMakeFiles/dreamView-FW.elf.dir/Core/Src/syscalls.c.obj
LOAD CMakeFiles/dreamView-FW.elf.dir/Core/Src/system_stm32f1xx.c.obj
LOAD CMakeFiles/dreamView-FW.elf.dir/Core/Src/tim.c.obj
LOAD CMakeFiles/dreamView-FW.elf.dir/Core/Src/u8g2_bitmap.c.obj
LOAD CMakeFiles/dreamView-FW.elf.dir/Core/Src/u8g2_box.c.obj
LOAD CMakeFiles/dreamView-FW.elf.dir/Core/Src/u8g2_buffer.c.obj
LOAD CMakeFiles/dreamView-FW.elf.dir/Core/Src/u8g2_button.c.obj
LOAD CMakeFiles/dreamView-FW.elf.dir/Core/Src/u8g2_circle.c.obj
LOAD CMakeFiles/dreamView-FW.elf.dir/Core/Src/u8g2_cleardisplay.c.obj
LOAD CMakeFiles/dreamView-FW.elf.dir/Core/Src/u8g2_d_memory.c.obj
LOAD CMakeFiles/dreamView-FW.elf.dir/Core/Src/u8g2_d_setup.c.obj
LOAD CMakeFiles/dreamView-FW.elf.dir/Core/Src/u8g2_font.c.obj
LOAD CMakeFiles/dreamView-FW.elf.dir/Core/Src/u8g2_font_myfont_fir.c.obj
LOAD CMakeFiles/dreamView-FW.elf.dir/Core/Src/u8g2_fonts_nessary_fir.c.obj
LOAD CMakeFiles/dreamView-FW.elf.dir/Core/Src/u8g2_hvline.c.obj
LOAD CMakeFiles/dreamView-FW.elf.dir/Core/Src/u8g2_input_value.c.obj
LOAD CMakeFiles/dreamView-FW.elf.dir/Core/Src/u8g2_intersection.c.obj
LOAD CMakeFiles/dreamView-FW.elf.dir/Core/Src/u8g2_kerning.c.obj
LOAD CMakeFiles/dreamView-FW.elf.dir/Core/Src/u8g2_line.c.obj
LOAD CMakeFiles/dreamView-FW.elf.dir/Core/Src/u8g2_ll_hvline.c.obj
LOAD CMakeFiles/dreamView-FW.elf.dir/Core/Src/u8g2_message.c.obj
LOAD CMakeFiles/dreamView-FW.elf.dir/Core/Src/u8g2_polygon.c.obj
LOAD CMakeFiles/dreamView-FW.elf.dir/Core/Src/u8g2_selection_list.c.obj
LOAD CMakeFiles/dreamView-FW.elf.dir/Core/Src/u8g2_setup.c.obj
LOAD CMakeFiles/dreamView-FW.elf.dir/Core/Src/u8log.c.obj
LOAD CMakeFiles/dreamView-FW.elf.dir/Core/Src/u8log_u8g2.c.obj
LOAD CMakeFiles/dreamView-FW.elf.dir/Core/Src/u8log_u8x8.c.obj
LOAD CMakeFiles/dreamView-FW.elf.dir/Core/Src/u8x8_8x8.c.obj
LOAD CMakeFiles/dreamView-FW.elf.dir/Core/Src/u8x8_byte.c.obj
LOAD CMakeFiles/dreamView-FW.elf.dir/Core/Src/u8x8_cad.c.obj
LOAD CMakeFiles/dreamView-FW.elf.dir/Core/Src/u8x8_capture.c.obj
LOAD CMakeFiles/dreamView-FW.elf.dir/Core/Src/u8x8_d_ssd1306_128x64_noname.c.obj
LOAD CMakeFiles/dreamView-FW.elf.dir/Core/Src/u8x8_debounce.c.obj
LOAD CMakeFiles/dreamView-FW.elf.dir/Core/Src/u8x8_display.c.obj
LOAD CMakeFiles/dreamView-FW.elf.dir/Core/Src/u8x8_fonts.c.obj
LOAD CMakeFiles/dreamView-FW.elf.dir/Core/Src/u8x8_gpio.c.obj
LOAD CMakeFiles/dreamView-FW.elf.dir/Core/Src/u8x8_input_value.c.obj
LOAD CMakeFiles/dreamView-FW.elf.dir/Core/Src/u8x8_message.c.obj
LOAD CMakeFiles/dreamView-FW.elf.dir/Core/Src/u8x8_selection_list.c.obj
LOAD CMakeFiles/dreamView-FW.elf.dir/Core/Src/u8x8_setup.c.obj
LOAD CMakeFiles/dreamView-FW.elf.dir/Core/Src/u8x8_string.c.obj
LOAD CMakeFiles/dreamView-FW.elf.dir/Core/Src/u8x8_u16toa.c.obj
LOAD CMakeFiles/dreamView-FW.elf.dir/Core/Src/u8x8_u8toa.c.obj
LOAD CMakeFiles/dreamView-FW.elf.dir/Drivers/STM32F1xx_HAL_Driver/Src/stm32f1xx_hal.c.obj
LOAD CMakeFiles/dreamView-FW.elf.dir/Drivers/STM32F1xx_HAL_Driver/Src/stm32f1xx_hal_cortex.c.obj
LOAD CMakeFiles/dreamView-FW.elf.dir/Drivers/STM32F1xx_HAL_Driver/Src/stm32f1xx_hal_dma.c.obj
LOAD CMakeFiles/dreamView-FW.elf.dir/Drivers/STM32F1xx_HAL_Driver/Src/stm32f1xx_hal_exti.c.obj
LOAD CMakeFiles/dreamView-FW.elf.dir/Drivers/STM32F1xx_HAL_Driver/Src/stm32f1xx_hal_flash.c.obj
LOAD CMakeFiles/dreamView-FW.elf.dir/Drivers/STM32F1xx_HAL_Driver/Src/stm32f1xx_hal_flash_ex.c.obj
LOAD CMakeFiles/dreamView-FW.elf.dir/Drivers/STM32F1xx_HAL_Driver/Src/stm32f1xx_hal_gpio.c.obj
LOAD CMakeFiles/dreamView-FW.elf.dir/Drivers/STM32F1xx_HAL_Driver/Src/stm32f1xx_hal_gpio_ex.c.obj
LOAD CMakeFiles/dreamView-FW.elf.dir/Drivers/STM32F1xx_HAL_Driver/Src/stm32f1xx_hal_pwr.c.obj
LOAD CMakeFiles/dreamView-FW.elf.dir/Drivers/STM32F1xx_HAL_Driver/Src/stm32f1xx_hal_rcc.c.obj
LOAD CMakeFiles/dreamView-FW.elf.dir/Drivers/STM32F1xx_HAL_Driver/Src/stm32f1xx_hal_rcc_ex.c.obj
LOAD CMakeFiles/dreamView-FW.elf.dir/Drivers/STM32F1xx_HAL_Driver/Src/stm32f1xx_hal_spi.c.obj
LOAD CMakeFiles/dreamView-FW.elf.dir/Drivers/STM32F1xx_HAL_Driver/Src/stm32f1xx_hal_tim.c.obj
LOAD CMakeFiles/dreamView-FW.elf.dir/Drivers/STM32F1xx_HAL_Driver/Src/stm32f1xx_hal_tim_ex.c.obj
LOAD CMakeFiles/dreamView-FW.elf.dir/startup/startup_stm32f103xb.s.obj
LOAD d:/stm32cubetoolchains/arm-gnu-toolchain-12.2.rel1-mingw-w64-i686-arm-none-eabi/bin/../lib/gcc/arm-none-eabi/12.2.1/thumb/v7-m/nofp\libstdc++.a
LOAD d:/stm32cubetoolchains/arm-gnu-toolchain-12.2.rel1-mingw-w64-i686-arm-none-eabi/bin/../lib/gcc/arm-none-eabi/12.2.1/thumb/v7-m/nofp\libm.a
START GROUP
LOAD d:/stm32cubetoolchains/arm-gnu-toolchain-12.2.rel1-mingw-w64-i686-arm-none-eabi/bin/../lib/gcc/arm-none-eabi/12.2.1/thumb/v7-m/nofp\libgcc.a
LOAD d:/stm32cubetoolchains/arm-gnu-toolchain-12.2.rel1-mingw-w64-i686-arm-none-eabi/bin/../lib/gcc/arm-none-eabi/12.2.1/thumb/v7-m/nofp\libg.a
LOAD d:/stm32cubetoolchains/arm-gnu-toolchain-12.2.rel1-mingw-w64-i686-arm-none-eabi/bin/../lib/gcc/arm-none-eabi/12.2.1/thumb/v7-m/nofp\libc.a
END GROUP
LOAD d:/stm32cubetoolchains/arm-gnu-toolchain-12.2.rel1-mingw-w64-i686-arm-none-eabi/bin/../lib/gcc/arm-none-eabi/12.2.1/thumb/v7-m/nofp/crtend.o
LOAD d:/stm32cubetoolchains/arm-gnu-toolchain-12.2.rel1-mingw-w64-i686-arm-none-eabi/bin/../lib/gcc/arm-none-eabi/12.2.1/thumb/v7-m/nofp/crtn.o
                0x20005000                _estack = 0x20005000
                0x00000200                _Min_Heap_Size = 0x200
                0x00000400                _Min_Stack_Size = 0x400

.isr_vector     0x08000000      0x10c
                0x08000000                . = ALIGN (0x4)
 *(.isr_vector)
 .isr_vector    0x08000000      0x10c CMakeFiles/dreamView-FW.elf.dir/startup/startup_stm32f103xb.s.obj
                0x08000000                g_pfnVectors
                0x0800010c                . = ALIGN (0x4)

.text           0x08000110    0x12e1c
                0x08000110                . = ALIGN (0x4)
 *(.text)
 .text          0x08000110      0x378 d:/stm32cubetoolchains/arm-gnu-toolchain-12.2.rel1-mingw-w64-i686-arm-none-eabi/bin/../lib/gcc/arm-none-eabi/12.2.1/thumb/v7-m/nofp\libgcc.a(_arm_addsubdf3.o)
                0x08000110                __aeabi_drsub
                0x08000118                __aeabi_dsub
                0x08000118                __subdf3
                0x0800011c                __aeabi_dadd
                0x0800011c                __adddf3
                0x08000394                __floatunsidf
                0x08000394                __aeabi_ui2d
                0x080003b4                __floatsidf
                0x080003b4                __aeabi_i2d
                0x080003d8                __aeabi_f2d
                0x080003d8                __extendsfdf2
                0x0800041c                __floatundidf
                0x0800041c                __aeabi_ul2d
                0x0800042c                __floatdidf
                0x0800042c                __aeabi_l2d
 .text          0x08000488      0x424 d:/stm32cubetoolchains/arm-gnu-toolchain-12.2.rel1-mingw-w64-i686-arm-none-eabi/bin/../lib/gcc/arm-none-eabi/12.2.1/thumb/v7-m/nofp\libgcc.a(_arm_muldivdf3.o)
                0x08000488                __aeabi_dmul
                0x08000488                __muldf3
                0x080006dc                __divdf3
                0x080006dc                __aeabi_ddiv
 .text          0x080008ac      0x110 d:/stm32cubetoolchains/arm-gnu-toolchain-12.2.rel1-mingw-w64-i686-arm-none-eabi/bin/../lib/gcc/arm-none-eabi/12.2.1/thumb/v7-m/nofp\libgcc.a(_arm_cmpdf2.o)
                0x080008ac                __gtdf2
                0x080008ac                __gedf2
                0x080008b4                __ltdf2
                0x080008b4                __ledf2
                0x080008bc                __nedf2
                0x080008bc                __eqdf2
                0x080008bc                __cmpdf2
                0x08000938                __aeabi_cdrcmple
                0x08000948                __aeabi_cdcmpeq
                0x08000948                __aeabi_cdcmple
                0x08000958                __aeabi_dcmpeq
                0x0800096c                __aeabi_dcmplt
                0x08000980                __aeabi_dcmple
                0x08000994                __aeabi_dcmpge
                0x080009a8                __aeabi_dcmpgt
 .text          0x080009bc       0x50 d:/stm32cubetoolchains/arm-gnu-toolchain-12.2.rel1-mingw-w64-i686-arm-none-eabi/bin/../lib/gcc/arm-none-eabi/12.2.1/thumb/v7-m/nofp\libgcc.a(_arm_fixdfsi.o)
                0x080009bc                __aeabi_d2iz
                0x080009bc                __fixdfsi
 .text          0x08000a0c      0x1ac d:/stm32cubetoolchains/arm-gnu-toolchain-12.2.rel1-mingw-w64-i686-arm-none-eabi/bin/../lib/gcc/arm-none-eabi/12.2.1/thumb/v7-m/nofp\libgcc.a(libunwind.o)
                0x08000a0c                __restore_core_regs
                0x08000a0c                restore_core_regs
                0x08000a24                __gnu_Unwind_Restore_VFP
                0x08000a2c                __gnu_Unwind_Save_VFP
                0x08000a34                __gnu_Unwind_Restore_VFP_D
                0x08000a3c                __gnu_Unwind_Save_VFP_D
                0x08000a44                __gnu_Unwind_Restore_VFP_D_16_to_31
                0x08000a4c                __gnu_Unwind_Save_VFP_D_16_to_31
                0x08000a54                __gnu_Unwind_Restore_WMMXD
                0x08000a98                __gnu_Unwind_Save_WMMXD
                0x08000adc                __gnu_Unwind_Restore_WMMXC
                0x08000af0                __gnu_Unwind_Save_WMMXC
                0x08000b04                ___Unwind_RaiseException
                0x08000b04                _Unwind_RaiseException
                0x08000b28                _Unwind_Resume
                0x08000b28                ___Unwind_Resume
                0x08000b4c                _Unwind_Resume_or_Rethrow
                0x08000b4c                ___Unwind_Resume_or_Rethrow
                0x08000b70                _Unwind_ForcedUnwind
                0x08000b70                ___Unwind_ForcedUnwind
                0x08000b94                ___Unwind_Backtrace
                0x08000b94                _Unwind_Backtrace
 .text          0x08000bb8      0x1bc d:/stm32cubetoolchains/arm-gnu-toolchain-12.2.rel1-mingw-w64-i686-arm-none-eabi/bin/../lib/gcc/arm-none-eabi/12.2.1/thumb/v7-m/nofp\libg.a(libc_a-strcmp.o)
                0x08000bb8                strcmp
 .text          0x08000d74       0xec d:/stm32cubetoolchains/arm-gnu-toolchain-12.2.rel1-mingw-w64-i686-arm-none-eabi/bin/../lib/gcc/arm-none-eabi/12.2.1/thumb/v7-m/nofp\libg.a(libc_a-memcpy.o)
                0x08000d74                memcpy
 .text          0x08000e60       0x2c d:/stm32cubetoolchains/arm-gnu-toolchain-12.2.rel1-mingw-w64-i686-arm-none-eabi/bin/../lib/gcc/arm-none-eabi/12.2.1/thumb/v7-m/nofp\libgcc.a(_arm_unorddf2.o)
                0x08000e60                __unorddf2
                0x08000e60                __aeabi_dcmpun
 *(.text*)
 .text.deregister_tm_clones
                0x08000e8c       0x1c d:/stm32cubetoolchains/arm-gnu-toolchain-12.2.rel1-mingw-w64-i686-arm-none-eabi/bin/../lib/gcc/arm-none-eabi/12.2.1/thumb/v7-m/nofp/crtbegin.o
 .text.register_tm_clones
                0x08000ea8       0x24 d:/stm32cubetoolchains/arm-gnu-toolchain-12.2.rel1-mingw-w64-i686-arm-none-eabi/bin/../lib/gcc/arm-none-eabi/12.2.1/thumb/v7-m/nofp/crtbegin.o
 .text.__do_global_dtors_aux
                0x08000ecc       0x28 d:/stm32cubetoolchains/arm-gnu-toolchain-12.2.rel1-mingw-w64-i686-arm-none-eabi/bin/../lib/gcc/arm-none-eabi/12.2.1/thumb/v7-m/nofp/crtbegin.o
 .text.frame_dummy
                0x08000ef4       0x24 d:/stm32cubetoolchains/arm-gnu-toolchain-12.2.rel1-mingw-w64-i686-arm-none-eabi/bin/../lib/gcc/arm-none-eabi/12.2.1/thumb/v7-m/nofp/crtbegin.o
 .text.buzzer_on
                0x08000f18       0x10 CMakeFiles/dreamView-FW.elf.dir/Core/Src/buzzer_fir.c.obj
                0x08000f18                buzzer_on
 .text.buzzer_off
                0x08000f28       0x10 CMakeFiles/dreamView-FW.elf.dir/Core/Src/buzzer_fir.c.obj
                0x08000f28                buzzer_off
 .text.buzzer_beep
                0x08000f38       0x24 CMakeFiles/dreamView-FW.elf.dir/Core/Src/buzzer_fir.c.obj
                0x08000f38                buzzer_beep
 .text.buzzer_proc
                0x08000f5c       0x64 CMakeFiles/dreamView-FW.elf.dir/Core/Src/buzzer_fir.c.obj
                0x08000f5c                buzzer_proc
 .text._Z12drawTestLogoP11u8g2_struct
                0x08000fc0       0xcc CMakeFiles/dreamView-FW.elf.dir/Core/Src/core.cpp.obj
                0x08000fc0                drawTestLogo(u8g2_struct*)
 .text.dreamViewKernelStart
                0x0800108c       0xcc CMakeFiles/dreamView-FW.elf.dir/Core/Src/core.cpp.obj
                0x0800108c                dreamViewKernelStart
 .text.MX_DMA_Init
                0x08001158       0x34 CMakeFiles/dreamView-FW.elf.dir/Core/Src/dma.c.obj
                0x08001158                MX_DMA_Init
 .text.MX_GPIO_Init
                0x0800118c      0x134 CMakeFiles/dreamView-FW.elf.dir/Core/Src/gpio.c.obj
                0x0800118c                MX_GPIO_Init
 .text.Error_Handler
                0x080012c0        0x4 CMakeFiles/dreamView-FW.elf.dir/Core/Src/main.c.obj
                0x080012c0                Error_Handler
 .text.SystemClock_Config
                0x080012c4       0x6a CMakeFiles/dreamView-FW.elf.dir/Core/Src/main.c.obj
                0x080012c4                SystemClock_Config
 .text.main     0x0800132e       0x20 CMakeFiles/dreamView-FW.elf.dir/Core/Src/main.c.obj
                0x0800132e                main
 *fill*         0x0800134e        0x2 
 .text._ZN4menuC2EP13newSelectListh
                0x08001350       0xec CMakeFiles/dreamView-FW.elf.dir/Core/Src/menu.cpp.obj
                0x08001350                menu::menu(newSelectList*, unsigned char)
                0x08001350                menu::menu(newSelectList*, unsigned char)
 .text._ZN2uiC2Ev
                0x0800143c        0x2 CMakeFiles/dreamView-FW.elf.dir/Core/Src/menu.cpp.obj
                0x0800143c                ui::ui()
                0x0800143c                ui::ui()
 *fill*         0x0800143e        0x2 
 .text.Encoder_Init
                0x08001440       0x74 CMakeFiles/dreamView-FW.elf.dir/Core/Src/oled_encoder_fir.c.obj
                0x08001440                Encoder_Init
 .text.Encoder_Scan
                0x080014b4      0x1cc CMakeFiles/dreamView-FW.elf.dir/Core/Src/oled_encoder_fir.c.obj
                0x080014b4                Encoder_Scan
 .text.Encoder_Analyze
                0x08001680       0xf0 CMakeFiles/dreamView-FW.elf.dir/Core/Src/oled_encoder_fir.c.obj
                0x08001680                Encoder_Analyze
 .text.get_key_val
                0x08001770       0x40 CMakeFiles/dreamView-FW.elf.dir/Core/Src/oled_key_fir.c.obj
                0x08001770                get_key_val
 .text.key_scan
                0x080017b0       0x44 CMakeFiles/dreamView-FW.elf.dir/Core/Src/oled_key_fir.c.obj
                0x080017b0                key_scan
 .text.OLED_menu_init
                0x080017f4      0x370 CMakeFiles/dreamView-FW.elf.dir/Core/Src/oled_menu_init_fir.c.obj
                0x080017f4                OLED_menu_init
 .text.u8x8_stm32_gpio_and_delay
                0x08001b64       0x24 CMakeFiles/dreamView-FW.elf.dir/Core/Src/oled_setup_u8g2_fir.c.obj
                0x08001b64                u8x8_stm32_gpio_and_delay
 .text.u8x8_byte_4wire_hw_spi
                0x08001b88       0x8c CMakeFiles/dreamView-FW.elf.dir/Core/Src/oled_setup_u8g2_fir.c.obj
                0x08001b88                u8x8_byte_4wire_hw_spi
 .text.OLED_WR_Byte
                0x08001c14       0x3c CMakeFiles/dreamView-FW.elf.dir/Core/Src/oled_setup_u8g2_fir.c.obj
                0x08001c14                OLED_WR_Byte
 .text.OLED_Clear
                0x08001c50       0x42 CMakeFiles/dreamView-FW.elf.dir/Core/Src/oled_setup_u8g2_fir.c.obj
                0x08001c50                OLED_Clear
 .text.OLED_Set_Pos
                0x08001c92       0x2c CMakeFiles/dreamView-FW.elf.dir/Core/Src/oled_setup_u8g2_fir.c.obj
                0x08001c92                OLED_Set_Pos
 .text.OLED_Display_On
                0x08001cbe       0x1c CMakeFiles/dreamView-FW.elf.dir/Core/Src/oled_setup_u8g2_fir.c.obj
                0x08001cbe                OLED_Display_On
 *fill*         0x08001cda        0x2 
 .text.OLED_Init
                0x08001cdc      0x120 CMakeFiles/dreamView-FW.elf.dir/Core/Src/oled_setup_u8g2_fir.c.obj
                0x08001cdc                OLED_Init
 .text.OLED_ClearBuffer
                0x08001dfc       0x10 CMakeFiles/dreamView-FW.elf.dir/Core/Src/oled_setup_u8g2_fir.c.obj
                0x08001dfc                OLED_ClearBuffer
 .text.u8g2Init
                0x08001e0c       0x38 CMakeFiles/dreamView-FW.elf.dir/Core/Src/oled_setup_u8g2_fir.c.obj
                0x08001e0c                u8g2Init
 .text.MX_SPI2_Init
                0x08001e44       0x44 CMakeFiles/dreamView-FW.elf.dir/Core/Src/spi.c.obj
                0x08001e44                MX_SPI2_Init
 .text.HAL_SPI_MspInit
                0x08001e88       0xa8 CMakeFiles/dreamView-FW.elf.dir/Core/Src/spi.c.obj
                0x08001e88                HAL_SPI_MspInit
 .text.HAL_MspInit
                0x08001f30       0x44 CMakeFiles/dreamView-FW.elf.dir/Core/Src/stm32f1xx_hal_msp.c.obj
                0x08001f30                HAL_MspInit
 .text.NMI_Handler
                0x08001f74        0x2 CMakeFiles/dreamView-FW.elf.dir/Core/Src/stm32f1xx_it.c.obj
                0x08001f74                NMI_Handler
 .text.HardFault_Handler
                0x08001f76        0x2 CMakeFiles/dreamView-FW.elf.dir/Core/Src/stm32f1xx_it.c.obj
                0x08001f76                HardFault_Handler
 .text.MemManage_Handler
                0x08001f78        0x2 CMakeFiles/dreamView-FW.elf.dir/Core/Src/stm32f1xx_it.c.obj
                0x08001f78                MemManage_Handler
 .text.BusFault_Handler
                0x08001f7a        0x2 CMakeFiles/dreamView-FW.elf.dir/Core/Src/stm32f1xx_it.c.obj
                0x08001f7a                BusFault_Handler
 .text.UsageFault_Handler
                0x08001f7c        0x2 CMakeFiles/dreamView-FW.elf.dir/Core/Src/stm32f1xx_it.c.obj
                0x08001f7c                UsageFault_Handler
 .text.SVC_Handler
                0x08001f7e        0x2 CMakeFiles/dreamView-FW.elf.dir/Core/Src/stm32f1xx_it.c.obj
                0x08001f7e                SVC_Handler
 .text.DebugMon_Handler
                0x08001f80        0x2 CMakeFiles/dreamView-FW.elf.dir/Core/Src/stm32f1xx_it.c.obj
                0x08001f80                DebugMon_Handler
 .text.PendSV_Handler
                0x08001f82        0x2 CMakeFiles/dreamView-FW.elf.dir/Core/Src/stm32f1xx_it.c.obj
                0x08001f82                PendSV_Handler
 .text.SysTick_Handler
                0x08001f84       0x50 CMakeFiles/dreamView-FW.elf.dir/Core/Src/stm32f1xx_it.c.obj
                0x08001f84                SysTick_Handler
 .text.DMA1_Channel5_IRQHandler
                0x08001fd4       0x10 CMakeFiles/dreamView-FW.elf.dir/Core/Src/stm32f1xx_it.c.obj
                0x08001fd4                DMA1_Channel5_IRQHandler
 .text.SPI2_IRQHandler
                0x08001fe4       0x10 CMakeFiles/dreamView-FW.elf.dir/Core/Src/stm32f1xx_it.c.obj
                0x08001fe4                SPI2_IRQHandler
 .text._getpid  0x08001ff4        0x4 CMakeFiles/dreamView-FW.elf.dir/Core/Src/syscalls.c.obj
                0x08001ff4                _getpid
 .text._kill    0x08001ff8       0x10 CMakeFiles/dreamView-FW.elf.dir/Core/Src/syscalls.c.obj
                0x08001ff8                _kill
 .text._exit    0x08002008        0xc CMakeFiles/dreamView-FW.elf.dir/Core/Src/syscalls.c.obj
                0x08002008                _exit
 .text._read    0x08002014       0x20 CMakeFiles/dreamView-FW.elf.dir/Core/Src/syscalls.c.obj
                0x08002014                _read
 .text._write   0x08002034       0x1c CMakeFiles/dreamView-FW.elf.dir/Core/Src/syscalls.c.obj
                0x08002034                _write
 .text._sbrk    0x08002050       0x3c CMakeFiles/dreamView-FW.elf.dir/Core/Src/syscalls.c.obj
                0x08002050                _sbrk
 .text._close   0x0800208c        0x6 CMakeFiles/dreamView-FW.elf.dir/Core/Src/syscalls.c.obj
                0x0800208c                _close
 .text._fstat   0x08002092        0xa CMakeFiles/dreamView-FW.elf.dir/Core/Src/syscalls.c.obj
                0x08002092                _fstat
 .text._isatty  0x0800209c        0x4 CMakeFiles/dreamView-FW.elf.dir/Core/Src/syscalls.c.obj
                0x0800209c                _isatty
 .text._lseek   0x080020a0        0x4 CMakeFiles/dreamView-FW.elf.dir/Core/Src/syscalls.c.obj
                0x080020a0                _lseek
 .text.SystemInit
                0x080020a4        0x2 CMakeFiles/dreamView-FW.elf.dir/Core/Src/system_stm32f1xx.c.obj
                0x080020a4                SystemInit
 *fill*         0x080020a6        0x2 
 .text.HAL_TIM_PWM_MspInit
                0x080020a8       0x2c CMakeFiles/dreamView-FW.elf.dir/Core/Src/tim.c.obj
                0x080020a8                HAL_TIM_PWM_MspInit
 .text.HAL_TIM_MspPostInit
                0x080020d4       0x50 CMakeFiles/dreamView-FW.elf.dir/Core/Src/tim.c.obj
                0x080020d4                HAL_TIM_MspPostInit
 .text.MX_TIM4_Init
                0x08002124       0x84 CMakeFiles/dreamView-FW.elf.dir/Core/Src/tim.c.obj
                0x08002124                MX_TIM4_Init
 .text.u8g2_send_tile_row
                0x080021a8       0x20 CMakeFiles/dreamView-FW.elf.dir/Core/Src/u8g2_buffer.c.obj
 .text.u8g2_send_buffer
                0x080021c8       0x34 CMakeFiles/dreamView-FW.elf.dir/Core/Src/u8g2_buffer.c.obj
 .text.u8g2_ClearBuffer
                0x080021fc       0x1a CMakeFiles/dreamView-FW.elf.dir/Core/Src/u8g2_buffer.c.obj
                0x080021fc                u8g2_ClearBuffer
 .text.u8g2_SendBuffer
                0x08002216       0x10 CMakeFiles/dreamView-FW.elf.dir/Core/Src/u8g2_buffer.c.obj
                0x08002216                u8g2_SendBuffer
 *fill*         0x08002226        0x2 
 .text.u8g2_m_16_8_f
                0x08002228        0xc CMakeFiles/dreamView-FW.elf.dir/Core/Src/u8g2_d_memory.c.obj
                0x08002228                u8g2_m_16_8_f
 .text.u8g2_Setup_ssd1306_128x64_noname_f
                0x08002234       0x3c CMakeFiles/dreamView-FW.elf.dir/Core/Src/u8g2_d_setup.c.obj
                0x08002234                u8g2_Setup_ssd1306_128x64_noname_f
 .text.u8g2_font_get_byte
                0x08002270        0x4 CMakeFiles/dreamView-FW.elf.dir/Core/Src/u8g2_font.c.obj
 .text.u8g2_font_get_word
                0x08002274        0xe CMakeFiles/dreamView-FW.elf.dir/Core/Src/u8g2_font.c.obj
 .text.u8g2_font_calc_vref_font
                0x08002282        0x4 CMakeFiles/dreamView-FW.elf.dir/Core/Src/u8g2_font.c.obj
                0x08002282                u8g2_font_calc_vref_font
 .text.u8g2_read_font_info
                0x08002286       0xd0 CMakeFiles/dreamView-FW.elf.dir/Core/Src/u8g2_font.c.obj
                0x08002286                u8g2_read_font_info
 .text.u8g2_font_decode_get_unsigned_bits
                0x08002356       0x4c CMakeFiles/dreamView-FW.elf.dir/Core/Src/u8g2_font.c.obj
                0x08002356                u8g2_font_decode_get_unsigned_bits
 .text.u8g2_font_setup_decode
                0x080023a2       0x40 CMakeFiles/dreamView-FW.elf.dir/Core/Src/u8g2_font.c.obj
 .text.u8g2_font_decode_get_signed_bits
                0x080023e2       0x16 CMakeFiles/dreamView-FW.elf.dir/Core/Src/u8g2_font.c.obj
                0x080023e2                u8g2_font_decode_get_signed_bits
 .text.u8g2_add_vector_y
                0x080023f8       0x22 CMakeFiles/dreamView-FW.elf.dir/Core/Src/u8g2_font.c.obj
                0x080023f8                u8g2_add_vector_y
 .text.u8g2_add_vector_x
                0x0800241a       0x22 CMakeFiles/dreamView-FW.elf.dir/Core/Src/u8g2_font.c.obj
                0x0800241a                u8g2_add_vector_x
 .text.u8g2_font_decode_len
                0x0800243c       0xc8 CMakeFiles/dreamView-FW.elf.dir/Core/Src/u8g2_font.c.obj
                0x0800243c                u8g2_font_decode_len
 .text.u8g2_font_decode_glyph
                0x08002504      0x152 CMakeFiles/dreamView-FW.elf.dir/Core/Src/u8g2_font.c.obj
                0x08002504                u8g2_font_decode_glyph
 .text.u8g2_font_get_glyph_data
                0x08002656       0x74 CMakeFiles/dreamView-FW.elf.dir/Core/Src/u8g2_font.c.obj
                0x08002656                u8g2_font_get_glyph_data
 .text.u8g2_font_draw_glyph
                0x080026ca       0x24 CMakeFiles/dreamView-FW.elf.dir/Core/Src/u8g2_font.c.obj
 .text.u8g2_GetGlyphWidth
                0x080026ee       0x3e CMakeFiles/dreamView-FW.elf.dir/Core/Src/u8g2_font.c.obj
                0x080026ee                u8g2_GetGlyphWidth
 .text.u8g2_string_width
                0x0800272c       0x7a CMakeFiles/dreamView-FW.elf.dir/Core/Src/u8g2_font.c.obj
 .text.u8g2_SetFontMode
                0x080027a6        0x6 CMakeFiles/dreamView-FW.elf.dir/Core/Src/u8g2_font.c.obj
                0x080027a6                u8g2_SetFontMode
 .text.u8g2_DrawGlyph
                0x080027ac       0x4e CMakeFiles/dreamView-FW.elf.dir/Core/Src/u8g2_font.c.obj
                0x080027ac                u8g2_DrawGlyph
 *fill*         0x080027fa        0x2 
 .text.u8g2_draw_string
                0x080027fc       0x7c CMakeFiles/dreamView-FW.elf.dir/Core/Src/u8g2_font.c.obj
 .text.u8g2_DrawStr
                0x08002878       0x10 CMakeFiles/dreamView-FW.elf.dir/Core/Src/u8g2_font.c.obj
                0x08002878                u8g2_DrawStr
 .text.u8g2_UpdateRefHeight
                0x08002888       0x64 CMakeFiles/dreamView-FW.elf.dir/Core/Src/u8g2_font.c.obj
                0x08002888                u8g2_UpdateRefHeight
 .text.u8g2_SetFontPosBaseline
                0x080028ec        0xc CMakeFiles/dreamView-FW.elf.dir/Core/Src/u8g2_font.c.obj
                0x080028ec                u8g2_SetFontPosBaseline
 .text.u8g2_SetFont
                0x080028f8       0x1c CMakeFiles/dreamView-FW.elf.dir/Core/Src/u8g2_font.c.obj
                0x080028f8                u8g2_SetFont
 .text.u8g2_GetStrWidth
                0x08002914       0x10 CMakeFiles/dreamView-FW.elf.dir/Core/Src/u8g2_font.c.obj
                0x08002914                u8g2_GetStrWidth
 .text.u8g2_GetUTF8Width
                0x08002924       0x10 CMakeFiles/dreamView-FW.elf.dir/Core/Src/u8g2_font.c.obj
                0x08002924                u8g2_GetUTF8Width
 .text.u8g2_SetFontDirection
                0x08002934        0x6 CMakeFiles/dreamView-FW.elf.dir/Core/Src/u8g2_font.c.obj
                0x08002934                u8g2_SetFontDirection
 .text.u8g2_clip_intersection2
                0x0800293a       0x4c CMakeFiles/dreamView-FW.elf.dir/Core/Src/u8g2_hvline.c.obj
 .text.u8g2_draw_hv_line_2dir
                0x08002986       0x18 CMakeFiles/dreamView-FW.elf.dir/Core/Src/u8g2_hvline.c.obj
                0x08002986                u8g2_draw_hv_line_2dir
 .text.u8g2_DrawHVLine
                0x0800299e       0xca CMakeFiles/dreamView-FW.elf.dir/Core/Src/u8g2_hvline.c.obj
                0x0800299e                u8g2_DrawHVLine
 .text.u8g2_DrawHLine
                0x08002a68       0x10 CMakeFiles/dreamView-FW.elf.dir/Core/Src/u8g2_hvline.c.obj
                0x08002a68                u8g2_DrawHLine
 .text.u8g2_DrawVLine
                0x08002a78       0x10 CMakeFiles/dreamView-FW.elf.dir/Core/Src/u8g2_hvline.c.obj
                0x08002a78                u8g2_DrawVLine
 .text.u8g2_is_intersection_decision_tree
                0x08002a88       0x2c CMakeFiles/dreamView-FW.elf.dir/Core/Src/u8g2_intersection.c.obj
                0x08002a88                u8g2_is_intersection_decision_tree
 .text.u8g2_IsIntersection
                0x08002ab4       0x2c CMakeFiles/dreamView-FW.elf.dir/Core/Src/u8g2_intersection.c.obj
                0x08002ab4                u8g2_IsIntersection
 .text.u8g2_ll_hvline_vertical_top_lsb
                0x08002ae0       0xa4 CMakeFiles/dreamView-FW.elf.dir/Core/Src/u8g2_ll_hvline.c.obj
                0x08002ae0                u8g2_ll_hvline_vertical_top_lsb
 .text.u8g2_update_dimension_common
                0x08002b84       0x50 CMakeFiles/dreamView-FW.elf.dir/Core/Src/u8g2_setup.c.obj
 .text.u8g2_update_dimension_r0
                0x08002bd4        0x8 CMakeFiles/dreamView-FW.elf.dir/Core/Src/u8g2_setup.c.obj
                0x08002bd4                u8g2_update_dimension_r0
 .text.u8g2_apply_clip_window
                0x08002bdc       0x70 CMakeFiles/dreamView-FW.elf.dir/Core/Src/u8g2_setup.c.obj
 .text.u8g2_update_page_win_r0
                0x08002c4c       0x26 CMakeFiles/dreamView-FW.elf.dir/Core/Src/u8g2_setup.c.obj
                0x08002c4c                u8g2_update_page_win_r0
 .text.u8g2_draw_l90_r0
                0x08002c72       0x12 CMakeFiles/dreamView-FW.elf.dir/Core/Src/u8g2_setup.c.obj
                0x08002c72                u8g2_draw_l90_r0
 .text.u8g2_SetMaxClipWindow
                0x08002c84       0x20 CMakeFiles/dreamView-FW.elf.dir/Core/Src/u8g2_setup.c.obj
                0x08002c84                u8g2_SetMaxClipWindow
 .text.u8g2_SetupBuffer
                0x08002ca4       0x44 CMakeFiles/dreamView-FW.elf.dir/Core/Src/u8g2_setup.c.obj
                0x08002ca4                u8g2_SetupBuffer
 .text.u8x8_ascii_next
                0x08002ce8       0x16 CMakeFiles/dreamView-FW.elf.dir/Core/Src/u8x8_8x8.c.obj
                0x08002ce8                u8x8_ascii_next
 .text.u8x8_utf8_next
                0x08002cfe       0x9a CMakeFiles/dreamView-FW.elf.dir/Core/Src/u8x8_8x8.c.obj
                0x08002cfe                u8x8_utf8_next
 .text.u8x8_utf8_init
                0x08002d98        0x8 CMakeFiles/dreamView-FW.elf.dir/Core/Src/u8x8_8x8.c.obj
                0x08002d98                u8x8_utf8_init
 .text.u8x8_byte_SetDC
                0x08002da0        0xe CMakeFiles/dreamView-FW.elf.dir/Core/Src/u8x8_byte.c.obj
                0x08002da0                u8x8_byte_SetDC
 .text.u8x8_byte_SendBytes
                0x08002dae        0xe CMakeFiles/dreamView-FW.elf.dir/Core/Src/u8x8_byte.c.obj
                0x08002dae                u8x8_byte_SendBytes
 .text.u8x8_byte_SendByte
                0x08002dbc       0x18 CMakeFiles/dreamView-FW.elf.dir/Core/Src/u8x8_byte.c.obj
                0x08002dbc                u8x8_byte_SendByte
 .text.u8x8_cad_SendCmd
                0x08002dd4        0xe CMakeFiles/dreamView-FW.elf.dir/Core/Src/u8x8_cad.c.obj
                0x08002dd4                u8x8_cad_SendCmd
 .text.u8x8_cad_SendArg
                0x08002de2        0xe CMakeFiles/dreamView-FW.elf.dir/Core/Src/u8x8_cad.c.obj
                0x08002de2                u8x8_cad_SendArg
 .text.u8x8_cad_SendData
                0x08002df0        0xe CMakeFiles/dreamView-FW.elf.dir/Core/Src/u8x8_cad.c.obj
                0x08002df0                u8x8_cad_SendData
 .text.u8x8_cad_StartTransfer
                0x08002dfe        0xe CMakeFiles/dreamView-FW.elf.dir/Core/Src/u8x8_cad.c.obj
                0x08002dfe                u8x8_cad_StartTransfer
 .text.u8x8_cad_EndTransfer
                0x08002e0c        0xe CMakeFiles/dreamView-FW.elf.dir/Core/Src/u8x8_cad.c.obj
                0x08002e0c                u8x8_cad_EndTransfer
 .text.u8x8_cad_SendSequence
                0x08002e1a       0x72 CMakeFiles/dreamView-FW.elf.dir/Core/Src/u8x8_cad.c.obj
                0x08002e1a                u8x8_cad_SendSequence
 .text.u8x8_cad_001
                0x08002e8c       0x5e CMakeFiles/dreamView-FW.elf.dir/Core/Src/u8x8_cad.c.obj
                0x08002e8c                u8x8_cad_001
 *fill*         0x08002eea        0x2 
 .text.u8x8_d_ssd1306_sh1106_generic
                0x08002eec       0xe4 CMakeFiles/dreamView-FW.elf.dir/Core/Src/u8x8_d_ssd1306_128x64_noname.c.obj
 .text.u8x8_d_ssd1306_128x64_noname
                0x08002fd0       0x40 CMakeFiles/dreamView-FW.elf.dir/Core/Src/u8x8_d_ssd1306_128x64_noname.c.obj
                0x08002fd0                u8x8_d_ssd1306_128x64_noname
 .text.u8x8_d_helper_display_setup_memory
                0x08003010        0xa CMakeFiles/dreamView-FW.elf.dir/Core/Src/u8x8_display.c.obj
                0x08003010                u8x8_d_helper_display_setup_memory
 .text.u8x8_d_helper_display_init
                0x0800301a       0x62 CMakeFiles/dreamView-FW.elf.dir/Core/Src/u8x8_display.c.obj
                0x0800301a                u8x8_d_helper_display_init
 .text.u8x8_DrawTile
                0x0800307c       0x22 CMakeFiles/dreamView-FW.elf.dir/Core/Src/u8x8_display.c.obj
                0x0800307c                u8x8_DrawTile
 .text.u8x8_SetupMemory
                0x0800309e        0xe CMakeFiles/dreamView-FW.elf.dir/Core/Src/u8x8_display.c.obj
                0x0800309e                u8x8_SetupMemory
 .text.u8x8_InitDisplay
                0x080030ac        0xe CMakeFiles/dreamView-FW.elf.dir/Core/Src/u8x8_display.c.obj
                0x080030ac                u8x8_InitDisplay
 .text.u8x8_SetPowerSave
                0x080030ba        0xe CMakeFiles/dreamView-FW.elf.dir/Core/Src/u8x8_display.c.obj
                0x080030ba                u8x8_SetPowerSave
 .text.u8x8_RefreshDisplay
                0x080030c8       0x1c CMakeFiles/dreamView-FW.elf.dir/Core/Src/u8x8_display.c.obj
                0x080030c8                u8x8_RefreshDisplay
 .text.u8x8_gpio_call
                0x080030e4        0xa CMakeFiles/dreamView-FW.elf.dir/Core/Src/u8x8_gpio.c.obj
                0x080030e4                u8x8_gpio_call
 .text.u8x8_dummy_cb
                0x080030ee        0x4 CMakeFiles/dreamView-FW.elf.dir/Core/Src/u8x8_setup.c.obj
                0x080030ee                u8x8_dummy_cb
 *fill*         0x080030f2        0x2 
 .text.u8x8_SetupDefaults
                0x080030f4       0x28 CMakeFiles/dreamView-FW.elf.dir/Core/Src/u8x8_setup.c.obj
                0x080030f4                u8x8_SetupDefaults
 .text.u8x8_Setup
                0x0800311c       0x20 CMakeFiles/dreamView-FW.elf.dir/Core/Src/u8x8_setup.c.obj
                0x0800311c                u8x8_Setup
 .text.HAL_InitTick
                0x0800313c       0x4c CMakeFiles/dreamView-FW.elf.dir/Drivers/STM32F1xx_HAL_Driver/Src/stm32f1xx_hal.c.obj
                0x0800313c                HAL_InitTick
 .text.HAL_Init
                0x08003188       0x24 CMakeFiles/dreamView-FW.elf.dir/Drivers/STM32F1xx_HAL_Driver/Src/stm32f1xx_hal.c.obj
                0x08003188                HAL_Init
 .text.HAL_IncTick
                0x080031ac       0x18 CMakeFiles/dreamView-FW.elf.dir/Drivers/STM32F1xx_HAL_Driver/Src/stm32f1xx_hal.c.obj
                0x080031ac                HAL_IncTick
 .text.HAL_GetTick
                0x080031c4        0xc CMakeFiles/dreamView-FW.elf.dir/Drivers/STM32F1xx_HAL_Driver/Src/stm32f1xx_hal.c.obj
                0x080031c4                HAL_GetTick
 .text.HAL_Delay
                0x080031d0       0x28 CMakeFiles/dreamView-FW.elf.dir/Drivers/STM32F1xx_HAL_Driver/Src/stm32f1xx_hal.c.obj
                0x080031d0                HAL_Delay
 .text.__NVIC_SetPriority
                0x080031f8       0x28 CMakeFiles/dreamView-FW.elf.dir/Drivers/STM32F1xx_HAL_Driver/Src/stm32f1xx_hal_cortex.c.obj
 .text.NVIC_EncodePriority
                0x08003220       0x3e CMakeFiles/dreamView-FW.elf.dir/Drivers/STM32F1xx_HAL_Driver/Src/stm32f1xx_hal_cortex.c.obj
 *fill*         0x0800325e        0x2 
 .text.HAL_NVIC_SetPriorityGrouping
                0x08003260       0x24 CMakeFiles/dreamView-FW.elf.dir/Drivers/STM32F1xx_HAL_Driver/Src/stm32f1xx_hal_cortex.c.obj
                0x08003260                HAL_NVIC_SetPriorityGrouping
 .text.HAL_NVIC_SetPriority
                0x08003284       0x20 CMakeFiles/dreamView-FW.elf.dir/Drivers/STM32F1xx_HAL_Driver/Src/stm32f1xx_hal_cortex.c.obj
                0x08003284                HAL_NVIC_SetPriority
 .text.HAL_NVIC_EnableIRQ
                0x080032a4       0x1c CMakeFiles/dreamView-FW.elf.dir/Drivers/STM32F1xx_HAL_Driver/Src/stm32f1xx_hal_cortex.c.obj
                0x080032a4                HAL_NVIC_EnableIRQ
 .text.HAL_SYSTICK_Config
                0x080032c0       0x28 CMakeFiles/dreamView-FW.elf.dir/Drivers/STM32F1xx_HAL_Driver/Src/stm32f1xx_hal_cortex.c.obj
                0x080032c0                HAL_SYSTICK_Config
 .text.DMA_SetConfig
                0x080032e8       0x2c CMakeFiles/dreamView-FW.elf.dir/Drivers/STM32F1xx_HAL_Driver/Src/stm32f1xx_hal_dma.c.obj
 .text.HAL_DMA_Init
                0x08003314       0x6c CMakeFiles/dreamView-FW.elf.dir/Drivers/STM32F1xx_HAL_Driver/Src/stm32f1xx_hal_dma.c.obj
                0x08003314                HAL_DMA_Init
 .text.HAL_DMA_Start_IT
                0x08003380       0x74 CMakeFiles/dreamView-FW.elf.dir/Drivers/STM32F1xx_HAL_Driver/Src/stm32f1xx_hal_dma.c.obj
                0x08003380                HAL_DMA_Start_IT
 .text.HAL_DMA_Abort_IT
                0x080033f4       0x98 CMakeFiles/dreamView-FW.elf.dir/Drivers/STM32F1xx_HAL_Driver/Src/stm32f1xx_hal_dma.c.obj
                0x080033f4                HAL_DMA_Abort_IT
 .text.HAL_DMA_IRQHandler
                0x0800348c      0x144 CMakeFiles/dreamView-FW.elf.dir/Drivers/STM32F1xx_HAL_Driver/Src/stm32f1xx_hal_dma.c.obj
                0x0800348c                HAL_DMA_IRQHandler
 .text.HAL_GPIO_Init
                0x080035d0      0x21c CMakeFiles/dreamView-FW.elf.dir/Drivers/STM32F1xx_HAL_Driver/Src/stm32f1xx_hal_gpio.c.obj
                0x080035d0                HAL_GPIO_Init
 .text.HAL_GPIO_ReadPin
                0x080037ec        0xe CMakeFiles/dreamView-FW.elf.dir/Drivers/STM32F1xx_HAL_Driver/Src/stm32f1xx_hal_gpio.c.obj
                0x080037ec                HAL_GPIO_ReadPin
 .text.HAL_GPIO_WritePin
                0x080037fa        0xc CMakeFiles/dreamView-FW.elf.dir/Drivers/STM32F1xx_HAL_Driver/Src/stm32f1xx_hal_gpio.c.obj
                0x080037fa                HAL_GPIO_WritePin
 *fill*         0x08003806        0x2 
 .text.RCC_Delay
                0x08003808       0x2c CMakeFiles/dreamView-FW.elf.dir/Drivers/STM32F1xx_HAL_Driver/Src/stm32f1xx_hal_rcc.c.obj
 .text.HAL_RCC_OscConfig
                0x08003834      0x410 CMakeFiles/dreamView-FW.elf.dir/Drivers/STM32F1xx_HAL_Driver/Src/stm32f1xx_hal_rcc.c.obj
                0x08003834                HAL_RCC_OscConfig
 .text.HAL_RCC_GetSysClockFreq
                0x08003c44       0x7c CMakeFiles/dreamView-FW.elf.dir/Drivers/STM32F1xx_HAL_Driver/Src/stm32f1xx_hal_rcc.c.obj
                0x08003c44                HAL_RCC_GetSysClockFreq
 .text.HAL_RCC_ClockConfig
                0x08003cc0      0x16c CMakeFiles/dreamView-FW.elf.dir/Drivers/STM32F1xx_HAL_Driver/Src/stm32f1xx_hal_rcc.c.obj
                0x08003cc0                HAL_RCC_ClockConfig
 .text.SPI_WaitFlagStateUntilTimeout
                0x08003e2c       0xc8 CMakeFiles/dreamView-FW.elf.dir/Drivers/STM32F1xx_HAL_Driver/Src/stm32f1xx_hal_spi.c.obj
 .text.SPI_EndRxTxTransaction
                0x08003ef4       0x24 CMakeFiles/dreamView-FW.elf.dir/Drivers/STM32F1xx_HAL_Driver/Src/stm32f1xx_hal_spi.c.obj
 .text.HAL_SPI_Init
                0x08003f18       0xb6 CMakeFiles/dreamView-FW.elf.dir/Drivers/STM32F1xx_HAL_Driver/Src/stm32f1xx_hal_spi.c.obj
                0x08003f18                HAL_SPI_Init
 *fill*         0x08003fce        0x2 
 .text.HAL_SPI_Transmit_DMA
                0x08003fd0       0xe0 CMakeFiles/dreamView-FW.elf.dir/Drivers/STM32F1xx_HAL_Driver/Src/stm32f1xx_hal_spi.c.obj
                0x08003fd0                HAL_SPI_Transmit_DMA
 .text.HAL_SPI_TxCpltCallback
                0x080040b0        0x2 CMakeFiles/dreamView-FW.elf.dir/Drivers/STM32F1xx_HAL_Driver/Src/stm32f1xx_hal_spi.c.obj
                0x080040b0                HAL_SPI_TxCpltCallback
 .text.HAL_SPI_TxHalfCpltCallback
                0x080040b2        0x2 CMakeFiles/dreamView-FW.elf.dir/Drivers/STM32F1xx_HAL_Driver/Src/stm32f1xx_hal_spi.c.obj
                0x080040b2                HAL_SPI_TxHalfCpltCallback
 .text.SPI_DMAHalfTransmitCplt
                0x080040b4        0xa CMakeFiles/dreamView-FW.elf.dir/Drivers/STM32F1xx_HAL_Driver/Src/stm32f1xx_hal_spi.c.obj
 .text.HAL_SPI_ErrorCallback
                0x080040be        0x2 CMakeFiles/dreamView-FW.elf.dir/Drivers/STM32F1xx_HAL_Driver/Src/stm32f1xx_hal_spi.c.obj
                0x080040be                HAL_SPI_ErrorCallback
 .text.SPI_DMAError
                0x080040c0       0x22 CMakeFiles/dreamView-FW.elf.dir/Drivers/STM32F1xx_HAL_Driver/Src/stm32f1xx_hal_spi.c.obj
 .text.SPI_DMATransmitCplt
                0x080040e2       0x70 CMakeFiles/dreamView-FW.elf.dir/Drivers/STM32F1xx_HAL_Driver/Src/stm32f1xx_hal_spi.c.obj
 *fill*         0x08004152        0x2 
 .text.HAL_SPI_IRQHandler
                0x08004154      0x100 CMakeFiles/dreamView-FW.elf.dir/Drivers/STM32F1xx_HAL_Driver/Src/stm32f1xx_hal_spi.c.obj
                0x08004154                HAL_SPI_IRQHandler
 .text.SPI_DMAAbortOnError
                0x08004254       0x10 CMakeFiles/dreamView-FW.elf.dir/Drivers/STM32F1xx_HAL_Driver/Src/stm32f1xx_hal_spi.c.obj
 .text.TIM_OC1_SetConfig
                0x08004264       0x54 CMakeFiles/dreamView-FW.elf.dir/Drivers/STM32F1xx_HAL_Driver/Src/stm32f1xx_hal_tim.c.obj
 .text.TIM_OC3_SetConfig
                0x080042b8       0x5c CMakeFiles/dreamView-FW.elf.dir/Drivers/STM32F1xx_HAL_Driver/Src/stm32f1xx_hal_tim.c.obj
 .text.TIM_OC4_SetConfig
                0x08004314       0x48 CMakeFiles/dreamView-FW.elf.dir/Drivers/STM32F1xx_HAL_Driver/Src/stm32f1xx_hal_tim.c.obj
 .text.TIM_Base_SetConfig
                0x0800435c       0x74 CMakeFiles/dreamView-FW.elf.dir/Drivers/STM32F1xx_HAL_Driver/Src/stm32f1xx_hal_tim.c.obj
                0x0800435c                TIM_Base_SetConfig
 .text.HAL_TIM_PWM_Init
                0x080043d0       0x58 CMakeFiles/dreamView-FW.elf.dir/Drivers/STM32F1xx_HAL_Driver/Src/stm32f1xx_hal_tim.c.obj
                0x080043d0                HAL_TIM_PWM_Init
 .text.TIM_OC2_SetConfig
                0x08004428       0x5c CMakeFiles/dreamView-FW.elf.dir/Drivers/STM32F1xx_HAL_Driver/Src/stm32f1xx_hal_tim.c.obj
                0x08004428                TIM_OC2_SetConfig
 .text.HAL_TIM_PWM_ConfigChannel
                0x08004484       0xd0 CMakeFiles/dreamView-FW.elf.dir/Drivers/STM32F1xx_HAL_Driver/Src/stm32f1xx_hal_tim.c.obj
                0x08004484                HAL_TIM_PWM_ConfigChannel
 .text.TIM_CCxChannelCmd
                0x08004554       0x1e CMakeFiles/dreamView-FW.elf.dir/Drivers/STM32F1xx_HAL_Driver/Src/stm32f1xx_hal_tim.c.obj
                0x08004554                TIM_CCxChannelCmd
 *fill*         0x08004572        0x2 
 .text.HAL_TIM_PWM_Start
                0x08004574       0xdc CMakeFiles/dreamView-FW.elf.dir/Drivers/STM32F1xx_HAL_Driver/Src/stm32f1xx_hal_tim.c.obj
                0x08004574                HAL_TIM_PWM_Start
 .text.HAL_TIM_PWM_Stop
                0x08004650       0x84 CMakeFiles/dreamView-FW.elf.dir/Drivers/STM32F1xx_HAL_Driver/Src/stm32f1xx_hal_tim.c.obj
                0x08004650                HAL_TIM_PWM_Stop
 .text.HAL_TIMEx_MasterConfigSynchronization
                0x080046d4       0x6c CMakeFiles/dreamView-FW.elf.dir/Drivers/STM32F1xx_HAL_Driver/Src/stm32f1xx_hal_tim_ex.c.obj
                0x080046d4                HAL_TIMEx_MasterConfigSynchronization
 .text.Reset_Handler
                0x08004740       0x48 CMakeFiles/dreamView-FW.elf.dir/startup/startup_stm32f103xb.s.obj
                0x08004740                Reset_Handler
 .text.Default_Handler
                0x08004788        0x2 CMakeFiles/dreamView-FW.elf.dir/startup/startup_stm32f103xb.s.obj
                0x08004788                RTC_Alarm_IRQHandler
                0x08004788                EXTI2_IRQHandler
                0x08004788                TIM1_CC_IRQHandler
                0x08004788                PVD_IRQHandler
                0x08004788                EXTI3_IRQHandler
                0x08004788                EXTI0_IRQHandler
                0x08004788                I2C2_EV_IRQHandler
                0x08004788                ADC1_2_IRQHandler
                0x08004788                SPI1_IRQHandler
                0x08004788                TAMPER_IRQHandler
                0x08004788                DMA1_Channel4_IRQHandler
                0x08004788                USART3_IRQHandler
                0x08004788                RTC_IRQHandler
                0x08004788                DMA1_Channel7_IRQHandler
                0x08004788                CAN1_RX1_IRQHandler
                0x08004788                TIM4_IRQHandler
                0x08004788                I2C1_EV_IRQHandler
                0x08004788                DMA1_Channel6_IRQHandler
                0x08004788                TIM3_IRQHandler
                0x08004788                RCC_IRQHandler
                0x08004788                TIM1_TRG_COM_IRQHandler
                0x08004788                DMA1_Channel1_IRQHandler
                0x08004788                Default_Handler
                0x08004788                EXTI15_10_IRQHandler
                0x08004788                EXTI9_5_IRQHandler
                0x08004788                EXTI4_IRQHandler
                0x08004788                USB_LP_CAN1_RX0_IRQHandler
                0x08004788                USB_HP_CAN1_TX_IRQHandler
                0x08004788                DMA1_Channel3_IRQHandler
                0x08004788                TIM1_UP_IRQHandler
                0x08004788                WWDG_IRQHandler
                0x08004788                TIM2_IRQHandler
                0x08004788                TIM1_BRK_IRQHandler
                0x08004788                EXTI1_IRQHandler
                0x08004788                USART2_IRQHandler
                0x08004788                I2C2_ER_IRQHandler
                0x08004788                DMA1_Channel2_IRQHandler
                0x08004788                CAN1_SCE_IRQHandler
                0x08004788                FLASH_IRQHandler
                0x08004788                USART1_IRQHandler
                0x08004788                I2C1_ER_IRQHandler
                0x08004788                USBWakeUp_IRQHandler
 *fill*         0x0800478a        0x2 
 .text._Znaj    0x0800478c        0x4 d:/stm32cubetoolchains/arm-gnu-toolchain-12.2.rel1-mingw-w64-i686-arm-none-eabi/bin/../lib/gcc/arm-none-eabi/12.2.1/thumb/v7-m/nofp\libstdc++.a(new_opv.o)
                0x0800478c                operator new[](unsigned int)
 .text._Znwj    0x08004790       0x3c d:/stm32cubetoolchains/arm-gnu-toolchain-12.2.rel1-mingw-w64-i686-arm-none-eabi/bin/../lib/gcc/arm-none-eabi/12.2.1/thumb/v7-m/nofp\libstdc++.a(new_op.o)
                0x08004790                operator new(unsigned int)
 .text._ZNKSt9bad_alloc4whatEv
                0x080047cc        0x8 d:/stm32cubetoolchains/arm-gnu-toolchain-12.2.rel1-mingw-w64-i686-arm-none-eabi/bin/../lib/gcc/arm-none-eabi/12.2.1/thumb/v7-m/nofp\libstdc++.a(bad_alloc.o)
                0x080047cc                std::bad_alloc::what() const
 .text._ZNSt9bad_allocD2Ev
                0x080047d4       0x14 d:/stm32cubetoolchains/arm-gnu-toolchain-12.2.rel1-mingw-w64-i686-arm-none-eabi/bin/../lib/gcc/arm-none-eabi/12.2.1/thumb/v7-m/nofp\libstdc++.a(bad_alloc.o)
                0x080047d4                std::bad_alloc::~bad_alloc()
                0x080047d4                std::bad_alloc::~bad_alloc()
 .text._ZNSt9bad_allocD0Ev
                0x080047e8       0x1c d:/stm32cubetoolchains/arm-gnu-toolchain-12.2.rel1-mingw-w64-i686-arm-none-eabi/bin/../lib/gcc/arm-none-eabi/12.2.1/thumb/v7-m/nofp\libstdc++.a(bad_alloc.o)
                0x080047e8                std::bad_alloc::~bad_alloc()
 .text._ZdlPvj  0x08004804        0x4 d:/stm32cubetoolchains/arm-gnu-toolchain-12.2.rel1-mingw-w64-i686-arm-none-eabi/bin/../lib/gcc/arm-none-eabi/12.2.1/thumb/v7-m/nofp\libstdc++.a(del_ops.o)
                0x08004804                operator delete(void*, unsigned int)
 .text._ZN12_GLOBAL__N_14pool4freeEPv.constprop.0
                0x08004808       0x74 d:/stm32cubetoolchains/arm-gnu-toolchain-12.2.rel1-mingw-w64-i686-arm-none-eabi/bin/../lib/gcc/arm-none-eabi/12.2.1/thumb/v7-m/nofp\libstdc++.a(eh_alloc.o)
 .text._ZN12_GLOBAL__N_14pool8allocateEj.constprop.0
                0x0800487c       0x58 d:/stm32cubetoolchains/arm-gnu-toolchain-12.2.rel1-mingw-w64-i686-arm-none-eabi/bin/../lib/gcc/arm-none-eabi/12.2.1/thumb/v7-m/nofp\libstdc++.a(eh_alloc.o)
 .text.__cxa_allocate_exception
                0x080048d4       0x30 d:/stm32cubetoolchains/arm-gnu-toolchain-12.2.rel1-mingw-w64-i686-arm-none-eabi/bin/../lib/gcc/arm-none-eabi/12.2.1/thumb/v7-m/nofp\libstdc++.a(eh_alloc.o)
                0x080048d4                __cxa_allocate_exception
 .text.__cxa_free_exception
                0x08004904       0x20 d:/stm32cubetoolchains/arm-gnu-toolchain-12.2.rel1-mingw-w64-i686-arm-none-eabi/bin/../lib/gcc/arm-none-eabi/12.2.1/thumb/v7-m/nofp\libstdc++.a(eh_alloc.o)
                0x08004904                __cxa_free_exception
 .text.startup._GLOBAL__sub_I__ZN9__gnu_cxx9__freeresEv
                0x08004924       0x28 d:/stm32cubetoolchains/arm-gnu-toolchain-12.2.rel1-mingw-w64-i686-arm-none-eabi/bin/../lib/gcc/arm-none-eabi/12.2.1/thumb/v7-m/nofp\libstdc++.a(eh_alloc.o)
 .text._ZNSt9exceptionD2Ev
                0x0800494c        0x4 d:/stm32cubetoolchains/arm-gnu-toolchain-12.2.rel1-mingw-w64-i686-arm-none-eabi/bin/../lib/gcc/arm-none-eabi/12.2.1/thumb/v7-m/nofp\libstdc++.a(eh_exception.o)
                0x0800494c                std::exception::~exception()
                0x0800494c                std::exception::~exception()
 .text._ZNSt13bad_exceptionD2Ev
                0x08004950        0x4 d:/stm32cubetoolchains/arm-gnu-toolchain-12.2.rel1-mingw-w64-i686-arm-none-eabi/bin/../lib/gcc/arm-none-eabi/12.2.1/thumb/v7-m/nofp\libstdc++.a(eh_exception.o)
                0x08004950                std::bad_exception::~bad_exception()
                0x08004950                std::bad_exception::~bad_exception()
 .text._ZNKSt13bad_exception4whatEv
                0x08004954        0x8 d:/stm32cubetoolchains/arm-gnu-toolchain-12.2.rel1-mingw-w64-i686-arm-none-eabi/bin/../lib/gcc/arm-none-eabi/12.2.1/thumb/v7-m/nofp\libstdc++.a(eh_exception.o)
                0x08004954                std::bad_exception::what() const
                0x08004954                transaction clone for std::bad_exception::what() const
 .text._ZNSt13bad_exceptionD0Ev
                0x0800495c       0x10 d:/stm32cubetoolchains/arm-gnu-toolchain-12.2.rel1-mingw-w64-i686-arm-none-eabi/bin/../lib/gcc/arm-none-eabi/12.2.1/thumb/v7-m/nofp\libstdc++.a(eh_exception.o)
                0x0800495c                std::bad_exception::~bad_exception()
 .text._ZN10__cxxabiv111__terminateEPFvvE
                0x0800496c       0x10 d:/stm32cubetoolchains/arm-gnu-toolchain-12.2.rel1-mingw-w64-i686-arm-none-eabi/bin/../lib/gcc/arm-none-eabi/12.2.1/thumb/v7-m/nofp\libstdc++.a(eh_terminate.o)
                0x0800496c                __cxxabiv1::__terminate(void (*)())
 .text._ZSt9terminatev
                0x0800497c       0x14 d:/stm32cubetoolchains/arm-gnu-toolchain-12.2.rel1-mingw-w64-i686-arm-none-eabi/bin/../lib/gcc/arm-none-eabi/12.2.1/thumb/v7-m/nofp\libstdc++.a(eh_terminate.o)
                0x0800497c                std::terminate()
 .text._ZN10__cxxabiv112__unexpectedEPFvvE
                0x08004990        0x8 d:/stm32cubetoolchains/arm-gnu-toolchain-12.2.rel1-mingw-w64-i686-arm-none-eabi/bin/../lib/gcc/arm-none-eabi/12.2.1/thumb/v7-m/nofp\libstdc++.a(eh_terminate.o)
                0x08004990                __cxxabiv1::__unexpected(void (*)())
 .text._ZSt10unexpectedv
                0x08004998       0x14 d:/stm32cubetoolchains/arm-gnu-toolchain-12.2.rel1-mingw-w64-i686-arm-none-eabi/bin/../lib/gcc/arm-none-eabi/12.2.1/thumb/v7-m/nofp\libstdc++.a(eh_terminate.o)
                0x08004998                std::unexpected()
 .text._ZSt13get_terminatev
                0x080049ac       0x10 d:/stm32cubetoolchains/arm-gnu-toolchain-12.2.rel1-mingw-w64-i686-arm-none-eabi/bin/../lib/gcc/arm-none-eabi/12.2.1/thumb/v7-m/nofp\libstdc++.a(eh_terminate.o)
                0x080049ac                std::get_terminate()
 .text._ZSt14get_unexpectedv
                0x080049bc       0x10 d:/stm32cubetoolchains/arm-gnu-toolchain-12.2.rel1-mingw-w64-i686-arm-none-eabi/bin/../lib/gcc/arm-none-eabi/12.2.1/thumb/v7-m/nofp\libstdc++.a(eh_terminate.o)
                0x080049bc                std::get_unexpected()
 .text._ZL23__gxx_exception_cleanup19_Unwind_Reason_CodeP21_Unwind_Control_Block
                0x080049cc       0x44 d:/stm32cubetoolchains/arm-gnu-toolchain-12.2.rel1-mingw-w64-i686-arm-none-eabi/bin/../lib/gcc/arm-none-eabi/12.2.1/thumb/v7-m/nofp\libstdc++.a(eh_throw.o)
 .text.__cxa_init_primary_exception
                0x08004a10       0x44 d:/stm32cubetoolchains/arm-gnu-toolchain-12.2.rel1-mingw-w64-i686-arm-none-eabi/bin/../lib/gcc/arm-none-eabi/12.2.1/thumb/v7-m/nofp\libstdc++.a(eh_throw.o)
                0x08004a10                __cxa_init_primary_exception
 .text.__cxa_throw
                0x08004a54       0x38 d:/stm32cubetoolchains/arm-gnu-toolchain-12.2.rel1-mingw-w64-i686-arm-none-eabi/bin/../lib/gcc/arm-none-eabi/12.2.1/thumb/v7-m/nofp\libstdc++.a(eh_throw.o)
                0x08004a54                __cxa_throw
 .text.__cxa_rethrow
                0x08004a8c       0x70 d:/stm32cubetoolchains/arm-gnu-toolchain-12.2.rel1-mingw-w64-i686-arm-none-eabi/bin/../lib/gcc/arm-none-eabi/12.2.1/thumb/v7-m/nofp\libstdc++.a(eh_throw.o)
                0x08004a8c                __cxa_rethrow
 .text._ZSt15get_new_handlerv
                0x08004afc       0x10 d:/stm32cubetoolchains/arm-gnu-toolchain-12.2.rel1-mingw-w64-i686-arm-none-eabi/bin/../lib/gcc/arm-none-eabi/12.2.1/thumb/v7-m/nofp\libstdc++.a(new_handler.o)
                0x08004afc                std::get_new_handler()
 .text._ZN10__cxxabiv120__si_class_type_infoD2Ev
                0x08004b0c       0x14 d:/stm32cubetoolchains/arm-gnu-toolchain-12.2.rel1-mingw-w64-i686-arm-none-eabi/bin/../lib/gcc/arm-none-eabi/12.2.1/thumb/v7-m/nofp\libstdc++.a(si_class_type_info.o)
                0x08004b0c                __cxxabiv1::__si_class_type_info::~__si_class_type_info()
                0x08004b0c                __cxxabiv1::__si_class_type_info::~__si_class_type_info()
 .text._ZN10__cxxabiv120__si_class_type_infoD0Ev
                0x08004b20       0x1c d:/stm32cubetoolchains/arm-gnu-toolchain-12.2.rel1-mingw-w64-i686-arm-none-eabi/bin/../lib/gcc/arm-none-eabi/12.2.1/thumb/v7-m/nofp\libstdc++.a(si_class_type_info.o)
                0x08004b20                __cxxabiv1::__si_class_type_info::~__si_class_type_info()
 .text._ZNK10__cxxabiv120__si_class_type_info20__do_find_public_srcEiPKvPKNS_17__class_type_infoES2_
                0x08004b3c       0x3c d:/stm32cubetoolchains/arm-gnu-toolchain-12.2.rel1-mingw-w64-i686-arm-none-eabi/bin/../lib/gcc/arm-none-eabi/12.2.1/thumb/v7-m/nofp\libstdc++.a(si_class_type_info.o)
                0x08004b3c                __cxxabiv1::__si_class_type_info::__do_find_public_src(int, void const*, __cxxabiv1::__class_type_info const*, void const*) const
 .text._ZNK10__cxxabiv120__si_class_type_info12__do_dyncastEiNS_17__class_type_info10__sub_kindEPKS1_PKvS4_S6_RNS1_16__dyncast_resultE
                0x08004b78       0x84 d:/stm32cubetoolchains/arm-gnu-toolchain-12.2.rel1-mingw-w64-i686-arm-none-eabi/bin/../lib/gcc/arm-none-eabi/12.2.1/thumb/v7-m/nofp\libstdc++.a(si_class_type_info.o)
                0x08004b78                __cxxabiv1::__si_class_type_info::__do_dyncast(int, __cxxabiv1::__class_type_info::__sub_kind, __cxxabiv1::__class_type_info const*, void const*, __cxxabiv1::__class_type_info const*, void const*, __cxxabiv1::__class_type_info::__dyncast_result&) const
 .text._ZNK10__cxxabiv120__si_class_type_info11__do_upcastEPKNS_17__class_type_infoEPKvRNS1_15__upcast_resultE
                0x08004bfc       0x2c d:/stm32cubetoolchains/arm-gnu-toolchain-12.2.rel1-mingw-w64-i686-arm-none-eabi/bin/../lib/gcc/arm-none-eabi/12.2.1/thumb/v7-m/nofp\libstdc++.a(si_class_type_info.o)
                0x08004bfc                __cxxabiv1::__si_class_type_info::__do_upcast(__cxxabiv1::__class_type_info const*, void const*, __cxxabiv1::__class_type_info::__upcast_result&) const
 .text._ZNSt9type_infoD2Ev
                0x08004c28        0x4 d:/stm32cubetoolchains/arm-gnu-toolchain-12.2.rel1-mingw-w64-i686-arm-none-eabi/bin/../lib/gcc/arm-none-eabi/12.2.1/thumb/v7-m/nofp\libstdc++.a(tinfo.o)
                0x08004c28                std::type_info::~type_info()
                0x08004c28                std::type_info::~type_info()
 .text._ZNKSt9type_info14__is_pointer_pEv
                0x08004c2c        0x4 d:/stm32cubetoolchains/arm-gnu-toolchain-12.2.rel1-mingw-w64-i686-arm-none-eabi/bin/../lib/gcc/arm-none-eabi/12.2.1/thumb/v7-m/nofp\libstdc++.a(tinfo.o)
                0x08004c2c                std::type_info::__is_pointer_p() const
                0x08004c2c                std::type_info::__is_function_p() const
 .text._ZNKSt9type_infoeqERKS_
                0x08004c30       0x2c d:/stm32cubetoolchains/arm-gnu-toolchain-12.2.rel1-mingw-w64-i686-arm-none-eabi/bin/../lib/gcc/arm-none-eabi/12.2.1/thumb/v7-m/nofp\libstdc++.a(tinfo.o)
                0x08004c30                std::type_info::operator==(std::type_info const&) const
                0x08004c30                std::type_info::__equal(std::type_info const&) const
 .text._ZN9__gnu_cxx27__verbose_terminate_handlerEv
                0x08004c5c      0x10c d:/stm32cubetoolchains/arm-gnu-toolchain-12.2.rel1-mingw-w64-i686-arm-none-eabi/bin/../lib/gcc/arm-none-eabi/12.2.1/thumb/v7-m/nofp\libstdc++.a(vterminate.o)
                0x08004c5c                __gnu_cxx::__verbose_terminate_handler()
 .text._ZNK10__cxxabiv117__class_type_info11__do_upcastEPKS0_PPv
                0x08004d68       0x34 d:/stm32cubetoolchains/arm-gnu-toolchain-12.2.rel1-mingw-w64-i686-arm-none-eabi/bin/../lib/gcc/arm-none-eabi/12.2.1/thumb/v7-m/nofp\libstdc++.a(class_type_info.o)
                0x08004d68                __cxxabiv1::__class_type_info::__do_upcast(__cxxabiv1::__class_type_info const*, void**) const
 .text._ZNK10__cxxabiv117__class_type_info20__do_find_public_srcEiPKvPKS0_S2_
                0x08004d9c        0xc d:/stm32cubetoolchains/arm-gnu-toolchain-12.2.rel1-mingw-w64-i686-arm-none-eabi/bin/../lib/gcc/arm-none-eabi/12.2.1/thumb/v7-m/nofp\libstdc++.a(class_type_info.o)
                0x08004d9c                __cxxabiv1::__class_type_info::__do_find_public_src(int, void const*, __cxxabiv1::__class_type_info const*, void const*) const
 .text._ZN10__cxxabiv117__class_type_infoD2Ev
                0x08004da8       0x14 d:/stm32cubetoolchains/arm-gnu-toolchain-12.2.rel1-mingw-w64-i686-arm-none-eabi/bin/../lib/gcc/arm-none-eabi/12.2.1/thumb/v7-m/nofp\libstdc++.a(class_type_info.o)
                0x08004da8                __cxxabiv1::__class_type_info::~__class_type_info()
                0x08004da8                __cxxabiv1::__class_type_info::~__class_type_info()
 .text._ZN10__cxxabiv117__class_type_infoD0Ev
                0x08004dbc       0x1c d:/stm32cubetoolchains/arm-gnu-toolchain-12.2.rel1-mingw-w64-i686-arm-none-eabi/bin/../lib/gcc/arm-none-eabi/12.2.1/thumb/v7-m/nofp\libstdc++.a(class_type_info.o)
                0x08004dbc                __cxxabiv1::__class_type_info::~__class_type_info()
 .text._ZNK10__cxxabiv117__class_type_info12__do_dyncastEiNS0_10__sub_kindEPKS0_PKvS3_S5_RNS0_16__dyncast_resultE
                0x08004dd8       0x44 d:/stm32cubetoolchains/arm-gnu-toolchain-12.2.rel1-mingw-w64-i686-arm-none-eabi/bin/../lib/gcc/arm-none-eabi/12.2.1/thumb/v7-m/nofp\libstdc++.a(class_type_info.o)
                0x08004dd8                __cxxabiv1::__class_type_info::__do_dyncast(int, __cxxabiv1::__class_type_info::__sub_kind, __cxxabiv1::__class_type_info const*, void const*, __cxxabiv1::__class_type_info const*, void const*, __cxxabiv1::__class_type_info::__dyncast_result&) const
 .text._ZNK10__cxxabiv117__class_type_info11__do_upcastEPKS0_PKvRNS0_15__upcast_resultE
                0x08004e1c       0x1c d:/stm32cubetoolchains/arm-gnu-toolchain-12.2.rel1-mingw-w64-i686-arm-none-eabi/bin/../lib/gcc/arm-none-eabi/12.2.1/thumb/v7-m/nofp\libstdc++.a(class_type_info.o)
                0x08004e1c                __cxxabiv1::__class_type_info::__do_upcast(__cxxabiv1::__class_type_info const*, void const*, __cxxabiv1::__class_type_info::__upcast_result&) const
 .text._ZNK10__cxxabiv117__class_type_info10__do_catchEPKSt9type_infoPPvj
                0x08004e38       0x2c d:/stm32cubetoolchains/arm-gnu-toolchain-12.2.rel1-mingw-w64-i686-arm-none-eabi/bin/../lib/gcc/arm-none-eabi/12.2.1/thumb/v7-m/nofp\libstdc++.a(class_type_info.o)
                0x08004e38                __cxxabiv1::__class_type_info::__do_catch(std::type_info const*, void**, unsigned int) const
 .text.d_make_comp
                0x08004e64       0xec d:/stm32cubetoolchains/arm-gnu-toolchain-12.2.rel1-mingw-w64-i686-arm-none-eabi/bin/../lib/gcc/arm-none-eabi/12.2.1/thumb/v7-m/nofp\libstdc++.a(cp-demangle.o)
 .text.d_number
                0x08004f50       0x74 d:/stm32cubetoolchains/arm-gnu-toolchain-12.2.rel1-mingw-w64-i686-arm-none-eabi/bin/../lib/gcc/arm-none-eabi/12.2.1/thumb/v7-m/nofp\libstdc++.a(cp-demangle.o)
 .text.d_call_offset
                0x08004fc4       0x50 d:/stm32cubetoolchains/arm-gnu-toolchain-12.2.rel1-mingw-w64-i686-arm-none-eabi/bin/../lib/gcc/arm-none-eabi/12.2.1/thumb/v7-m/nofp\libstdc++.a(cp-demangle.o)
 .text.d_discriminator
                0x08005014       0x4c d:/stm32cubetoolchains/arm-gnu-toolchain-12.2.rel1-mingw-w64-i686-arm-none-eabi/bin/../lib/gcc/arm-none-eabi/12.2.1/thumb/v7-m/nofp\libstdc++.a(cp-demangle.o)
 .text.d_count_templates_scopes
                0x08005060       0xd4 d:/stm32cubetoolchains/arm-gnu-toolchain-12.2.rel1-mingw-w64-i686-arm-none-eabi/bin/../lib/gcc/arm-none-eabi/12.2.1/thumb/v7-m/nofp\libstdc++.a(cp-demangle.o)
 .text.d_pack_length
                0x08005134       0x20 d:/stm32cubetoolchains/arm-gnu-toolchain-12.2.rel1-mingw-w64-i686-arm-none-eabi/bin/../lib/gcc/arm-none-eabi/12.2.1/thumb/v7-m/nofp\libstdc++.a(cp-demangle.o)
 .text.d_index_template_argument.part.0
                0x08005154       0x1c d:/stm32cubetoolchains/arm-gnu-toolchain-12.2.rel1-mingw-w64-i686-arm-none-eabi/bin/../lib/gcc/arm-none-eabi/12.2.1/thumb/v7-m/nofp\libstdc++.a(cp-demangle.o)
 .text.d_growable_string_callback_adapter
                0x08005170       0x78 d:/stm32cubetoolchains/arm-gnu-toolchain-12.2.rel1-mingw-w64-i686-arm-none-eabi/bin/../lib/gcc/arm-none-eabi/12.2.1/thumb/v7-m/nofp\libstdc++.a(cp-demangle.o)
 .text.next_is_type_qual.isra.0
                0x080051e8       0x34 d:/stm32cubetoolchains/arm-gnu-toolchain-12.2.rel1-mingw-w64-i686-arm-none-eabi/bin/../lib/gcc/arm-none-eabi/12.2.1/thumb/v7-m/nofp\libstdc++.a(cp-demangle.o)
 .text.d_append_char
                0x0800521c       0x44 d:/stm32cubetoolchains/arm-gnu-toolchain-12.2.rel1-mingw-w64-i686-arm-none-eabi/bin/../lib/gcc/arm-none-eabi/12.2.1/thumb/v7-m/nofp\libstdc++.a(cp-demangle.o)
 .text.d_lookup_template_argument
                0x08005260       0x34 d:/stm32cubetoolchains/arm-gnu-toolchain-12.2.rel1-mingw-w64-i686-arm-none-eabi/bin/../lib/gcc/arm-none-eabi/12.2.1/thumb/v7-m/nofp\libstdc++.a(cp-demangle.o)
 .text.d_find_pack
                0x08005294       0x90 d:/stm32cubetoolchains/arm-gnu-toolchain-12.2.rel1-mingw-w64-i686-arm-none-eabi/bin/../lib/gcc/arm-none-eabi/12.2.1/thumb/v7-m/nofp\libstdc++.a(cp-demangle.o)
 .text.d_append_string
                0x08005324       0x68 d:/stm32cubetoolchains/arm-gnu-toolchain-12.2.rel1-mingw-w64-i686-arm-none-eabi/bin/../lib/gcc/arm-none-eabi/12.2.1/thumb/v7-m/nofp\libstdc++.a(cp-demangle.o)
 .text.d_template_param
                0x0800538c       0x64 d:/stm32cubetoolchains/arm-gnu-toolchain-12.2.rel1-mingw-w64-i686-arm-none-eabi/bin/../lib/gcc/arm-none-eabi/12.2.1/thumb/v7-m/nofp\libstdc++.a(cp-demangle.o)
 .text.d_append_num
                0x080053f0       0x78 d:/stm32cubetoolchains/arm-gnu-toolchain-12.2.rel1-mingw-w64-i686-arm-none-eabi/bin/../lib/gcc/arm-none-eabi/12.2.1/thumb/v7-m/nofp\libstdc++.a(cp-demangle.o)
 .text.d_source_name
                0x08005468       0xe0 d:/stm32cubetoolchains/arm-gnu-toolchain-12.2.rel1-mingw-w64-i686-arm-none-eabi/bin/../lib/gcc/arm-none-eabi/12.2.1/thumb/v7-m/nofp\libstdc++.a(cp-demangle.o)
 .text.d_substitution
                0x08005548      0x194 d:/stm32cubetoolchains/arm-gnu-toolchain-12.2.rel1-mingw-w64-i686-arm-none-eabi/bin/../lib/gcc/arm-none-eabi/12.2.1/thumb/v7-m/nofp\libstdc++.a(cp-demangle.o)
 .text.d_type   0x080056dc      0x834 d:/stm32cubetoolchains/arm-gnu-toolchain-12.2.rel1-mingw-w64-i686-arm-none-eabi/bin/../lib/gcc/arm-none-eabi/12.2.1/thumb/v7-m/nofp\libstdc++.a(cp-demangle.o)
 .text.d_parmlist
                0x08005f10       0x80 d:/stm32cubetoolchains/arm-gnu-toolchain-12.2.rel1-mingw-w64-i686-arm-none-eabi/bin/../lib/gcc/arm-none-eabi/12.2.1/thumb/v7-m/nofp\libstdc++.a(cp-demangle.o)
 .text.d_bare_function_type
                0x08005f90       0x48 d:/stm32cubetoolchains/arm-gnu-toolchain-12.2.rel1-mingw-w64-i686-arm-none-eabi/bin/../lib/gcc/arm-none-eabi/12.2.1/thumb/v7-m/nofp\libstdc++.a(cp-demangle.o)
 .text.d_function_type
                0x08005fd8       0x8c d:/stm32cubetoolchains/arm-gnu-toolchain-12.2.rel1-mingw-w64-i686-arm-none-eabi/bin/../lib/gcc/arm-none-eabi/12.2.1/thumb/v7-m/nofp\libstdc++.a(cp-demangle.o)
 .text.d_operator_name
                0x08006064      0x100 d:/stm32cubetoolchains/arm-gnu-toolchain-12.2.rel1-mingw-w64-i686-arm-none-eabi/bin/../lib/gcc/arm-none-eabi/12.2.1/thumb/v7-m/nofp\libstdc++.a(cp-demangle.o)
 .text.d_unqualified_name
                0x08006164      0x344 d:/stm32cubetoolchains/arm-gnu-toolchain-12.2.rel1-mingw-w64-i686-arm-none-eabi/bin/../lib/gcc/arm-none-eabi/12.2.1/thumb/v7-m/nofp\libstdc++.a(cp-demangle.o)
 .text.d_expr_primary
                0x080064a8      0x128 d:/stm32cubetoolchains/arm-gnu-toolchain-12.2.rel1-mingw-w64-i686-arm-none-eabi/bin/../lib/gcc/arm-none-eabi/12.2.1/thumb/v7-m/nofp\libstdc++.a(cp-demangle.o)
 .text.d_template_arg
                0x080065d0       0x58 d:/stm32cubetoolchains/arm-gnu-toolchain-12.2.rel1-mingw-w64-i686-arm-none-eabi/bin/../lib/gcc/arm-none-eabi/12.2.1/thumb/v7-m/nofp\libstdc++.a(cp-demangle.o)
 .text.d_template_args_1
                0x08006628       0x64 d:/stm32cubetoolchains/arm-gnu-toolchain-12.2.rel1-mingw-w64-i686-arm-none-eabi/bin/../lib/gcc/arm-none-eabi/12.2.1/thumb/v7-m/nofp\libstdc++.a(cp-demangle.o)
 .text.d_prefix
                0x0800668c      0x13c d:/stm32cubetoolchains/arm-gnu-toolchain-12.2.rel1-mingw-w64-i686-arm-none-eabi/bin/../lib/gcc/arm-none-eabi/12.2.1/thumb/v7-m/nofp\libstdc++.a(cp-demangle.o)
 .text.d_expression_1
                0x080067c8      0x508 d:/stm32cubetoolchains/arm-gnu-toolchain-12.2.rel1-mingw-w64-i686-arm-none-eabi/bin/../lib/gcc/arm-none-eabi/12.2.1/thumb/v7-m/nofp\libstdc++.a(cp-demangle.o)
 .text.d_exprlist
                0x08006cd0       0x74 d:/stm32cubetoolchains/arm-gnu-toolchain-12.2.rel1-mingw-w64-i686-arm-none-eabi/bin/../lib/gcc/arm-none-eabi/12.2.1/thumb/v7-m/nofp\libstdc++.a(cp-demangle.o)
 .text.d_cv_qualifiers
                0x08006d44      0x154 d:/stm32cubetoolchains/arm-gnu-toolchain-12.2.rel1-mingw-w64-i686-arm-none-eabi/bin/../lib/gcc/arm-none-eabi/12.2.1/thumb/v7-m/nofp\libstdc++.a(cp-demangle.o)
 .text.d_special_name
                0x08006e98      0x52c d:/stm32cubetoolchains/arm-gnu-toolchain-12.2.rel1-mingw-w64-i686-arm-none-eabi/bin/../lib/gcc/arm-none-eabi/12.2.1/thumb/v7-m/nofp\libstdc++.a(cp-demangle.o)
 .text.d_name   0x080073c4      0x2cc d:/stm32cubetoolchains/arm-gnu-toolchain-12.2.rel1-mingw-w64-i686-arm-none-eabi/bin/../lib/gcc/arm-none-eabi/12.2.1/thumb/v7-m/nofp\libstdc++.a(cp-demangle.o)
 .text.d_encoding.part.0
                0x08007690       0xf8 d:/stm32cubetoolchains/arm-gnu-toolchain-12.2.rel1-mingw-w64-i686-arm-none-eabi/bin/../lib/gcc/arm-none-eabi/12.2.1/thumb/v7-m/nofp\libstdc++.a(cp-demangle.o)
 .text.d_print_comp_inner
                0x08007788     0x20c8 d:/stm32cubetoolchains/arm-gnu-toolchain-12.2.rel1-mingw-w64-i686-arm-none-eabi/bin/../lib/gcc/arm-none-eabi/12.2.1/thumb/v7-m/nofp\libstdc++.a(cp-demangle.o)
 .text.d_print_comp
                0x08009850       0x5c d:/stm32cubetoolchains/arm-gnu-toolchain-12.2.rel1-mingw-w64-i686-arm-none-eabi/bin/../lib/gcc/arm-none-eabi/12.2.1/thumb/v7-m/nofp\libstdc++.a(cp-demangle.o)
 .text.d_print_mod
                0x080098ac      0x634 d:/stm32cubetoolchains/arm-gnu-toolchain-12.2.rel1-mingw-w64-i686-arm-none-eabi/bin/../lib/gcc/arm-none-eabi/12.2.1/thumb/v7-m/nofp\libstdc++.a(cp-demangle.o)
 .text.d_print_function_type
                0x08009ee0      0x1c4 d:/stm32cubetoolchains/arm-gnu-toolchain-12.2.rel1-mingw-w64-i686-arm-none-eabi/bin/../lib/gcc/arm-none-eabi/12.2.1/thumb/v7-m/nofp\libstdc++.a(cp-demangle.o)
 .text.d_print_mod_list
                0x0800a0a4      0x240 d:/stm32cubetoolchains/arm-gnu-toolchain-12.2.rel1-mingw-w64-i686-arm-none-eabi/bin/../lib/gcc/arm-none-eabi/12.2.1/thumb/v7-m/nofp\libstdc++.a(cp-demangle.o)
 .text.d_print_array_type
                0x0800a2e4      0x1b0 d:/stm32cubetoolchains/arm-gnu-toolchain-12.2.rel1-mingw-w64-i686-arm-none-eabi/bin/../lib/gcc/arm-none-eabi/12.2.1/thumb/v7-m/nofp\libstdc++.a(cp-demangle.o)
 .text.d_print_expr_op
                0x0800a494       0x78 d:/stm32cubetoolchains/arm-gnu-toolchain-12.2.rel1-mingw-w64-i686-arm-none-eabi/bin/../lib/gcc/arm-none-eabi/12.2.1/thumb/v7-m/nofp\libstdc++.a(cp-demangle.o)
 .text.d_demangle_callback.constprop.0
                0x0800a50c      0x3a8 d:/stm32cubetoolchains/arm-gnu-toolchain-12.2.rel1-mingw-w64-i686-arm-none-eabi/bin/../lib/gcc/arm-none-eabi/12.2.1/thumb/v7-m/nofp\libstdc++.a(cp-demangle.o)
 .text.d_print_subexpr
                0x0800a8b4       0xf4 d:/stm32cubetoolchains/arm-gnu-toolchain-12.2.rel1-mingw-w64-i686-arm-none-eabi/bin/../lib/gcc/arm-none-eabi/12.2.1/thumb/v7-m/nofp\libstdc++.a(cp-demangle.o)
 .text.d_maybe_print_fold_expression
                0x0800a9a8      0x24c d:/stm32cubetoolchains/arm-gnu-toolchain-12.2.rel1-mingw-w64-i686-arm-none-eabi/bin/../lib/gcc/arm-none-eabi/12.2.1/thumb/v7-m/nofp\libstdc++.a(cp-demangle.o)
 .text.d_maybe_print_designated_init
                0x0800abf4      0x1e4 d:/stm32cubetoolchains/arm-gnu-toolchain-12.2.rel1-mingw-w64-i686-arm-none-eabi/bin/../lib/gcc/arm-none-eabi/12.2.1/thumb/v7-m/nofp\libstdc++.a(cp-demangle.o)
 .text.__cxa_demangle
                0x0800add8       0xbc d:/stm32cubetoolchains/arm-gnu-toolchain-12.2.rel1-mingw-w64-i686-arm-none-eabi/bin/../lib/gcc/arm-none-eabi/12.2.1/thumb/v7-m/nofp\libstdc++.a(cp-demangle.o)
                0x0800add8                __cxa_demangle
 .text._ZdlPv   0x0800ae94        0x4 d:/stm32cubetoolchains/arm-gnu-toolchain-12.2.rel1-mingw-w64-i686-arm-none-eabi/bin/../lib/gcc/arm-none-eabi/12.2.1/thumb/v7-m/nofp\libstdc++.a(del_op.o)
                0x0800ae94                operator delete(void*)
 .text.__cxa_end_cleanup
                0x0800ae98        0xc d:/stm32cubetoolchains/arm-gnu-toolchain-12.2.rel1-mingw-w64-i686-arm-none-eabi/bin/../lib/gcc/arm-none-eabi/12.2.1/thumb/v7-m/nofp\libstdc++.a(eh_arm.o)
                0x0800ae98                __cxa_end_cleanup
 .text.__cxa_type_match
                0x0800aea4       0xac d:/stm32cubetoolchains/arm-gnu-toolchain-12.2.rel1-mingw-w64-i686-arm-none-eabi/bin/../lib/gcc/arm-none-eabi/12.2.1/thumb/v7-m/nofp\libstdc++.a(eh_arm.o)
                0x0800aea4                __cxa_type_match
 .text.__cxa_begin_cleanup
                0x0800af50       0x64 d:/stm32cubetoolchains/arm-gnu-toolchain-12.2.rel1-mingw-w64-i686-arm-none-eabi/bin/../lib/gcc/arm-none-eabi/12.2.1/thumb/v7-m/nofp\libstdc++.a(eh_arm.o)
                0x0800af50                __cxa_begin_cleanup
 .text.__gnu_end_cleanup
                0x0800afb4       0x70 d:/stm32cubetoolchains/arm-gnu-toolchain-12.2.rel1-mingw-w64-i686-arm-none-eabi/bin/../lib/gcc/arm-none-eabi/12.2.1/thumb/v7-m/nofp\libstdc++.a(eh_arm.o)
                0x0800afb4                __gnu_end_cleanup
 .text.__cxa_begin_catch
                0x0800b024       0x80 d:/stm32cubetoolchains/arm-gnu-toolchain-12.2.rel1-mingw-w64-i686-arm-none-eabi/bin/../lib/gcc/arm-none-eabi/12.2.1/thumb/v7-m/nofp\libstdc++.a(eh_catch.o)
                0x0800b024                __cxa_begin_catch
 .text.__cxa_end_catch
                0x0800b0a4       0x88 d:/stm32cubetoolchains/arm-gnu-toolchain-12.2.rel1-mingw-w64-i686-arm-none-eabi/bin/../lib/gcc/arm-none-eabi/12.2.1/thumb/v7-m/nofp\libstdc++.a(eh_catch.o)
                0x0800b0a4                __cxa_end_catch
 .text._ZN12_GLOBAL__N_113constant_initD2Ev
                0x0800b12c        0x4 d:/stm32cubetoolchains/arm-gnu-toolchain-12.2.rel1-mingw-w64-i686-arm-none-eabi/bin/../lib/gcc/arm-none-eabi/12.2.1/thumb/v7-m/nofp\libstdc++.a(eh_globals.o)
 .text.__cxa_get_globals_fast
                0x0800b130        0x8 d:/stm32cubetoolchains/arm-gnu-toolchain-12.2.rel1-mingw-w64-i686-arm-none-eabi/bin/../lib/gcc/arm-none-eabi/12.2.1/thumb/v7-m/nofp\libstdc++.a(eh_globals.o)
                0x0800b130                __cxa_get_globals_fast
 .text.__cxa_get_globals
                0x0800b138        0x8 d:/stm32cubetoolchains/arm-gnu-toolchain-12.2.rel1-mingw-w64-i686-arm-none-eabi/bin/../lib/gcc/arm-none-eabi/12.2.1/thumb/v7-m/nofp\libstdc++.a(eh_globals.o)
                0x0800b138                __cxa_get_globals
 .text.startup._GLOBAL__sub_I___cxa_get_globals_fast
                0x0800b140       0x18 d:/stm32cubetoolchains/arm-gnu-toolchain-12.2.rel1-mingw-w64-i686-arm-none-eabi/bin/../lib/gcc/arm-none-eabi/12.2.1/thumb/v7-m/nofp\libstdc++.a(eh_globals.o)
 .text._ZL28read_encoded_value_with_basehjPKhPj
                0x0800b158       0xc0 d:/stm32cubetoolchains/arm-gnu-toolchain-12.2.rel1-mingw-w64-i686-arm-none-eabi/bin/../lib/gcc/arm-none-eabi/12.2.1/thumb/v7-m/nofp\libstdc++.a(eh_personality.o)
 .text._ZL21base_of_encoded_valuehP15_Unwind_Context
                0x0800b218       0x44 d:/stm32cubetoolchains/arm-gnu-toolchain-12.2.rel1-mingw-w64-i686-arm-none-eabi/bin/../lib/gcc/arm-none-eabi/12.2.1/thumb/v7-m/nofp\libstdc++.a(eh_personality.o)
 .text._ZL17parse_lsda_headerP15_Unwind_ContextPKhP16lsda_header_info
                0x0800b25c       0x90 d:/stm32cubetoolchains/arm-gnu-toolchain-12.2.rel1-mingw-w64-i686-arm-none-eabi/bin/../lib/gcc/arm-none-eabi/12.2.1/thumb/v7-m/nofp\libstdc++.a(eh_personality.o)
 .text.__gxx_personality_v0
                0x0800b2ec      0x464 d:/stm32cubetoolchains/arm-gnu-toolchain-12.2.rel1-mingw-w64-i686-arm-none-eabi/bin/../lib/gcc/arm-none-eabi/12.2.1/thumb/v7-m/nofp\libstdc++.a(eh_personality.o)
                0x0800b2ec                __gxx_personality_v0
 .text.__cxa_current_exception_type
                0x0800b750       0x1c d:/stm32cubetoolchains/arm-gnu-toolchain-12.2.rel1-mingw-w64-i686-arm-none-eabi/bin/../lib/gcc/arm-none-eabi/12.2.1/thumb/v7-m/nofp\libstdc++.a(eh_type.o)
                0x0800b750                __cxa_current_exception_type
 .text.__aeabi_atexit
                0x0800b76c        0xc d:/stm32cubetoolchains/arm-gnu-toolchain-12.2.rel1-mingw-w64-i686-arm-none-eabi/bin/../lib/gcc/arm-none-eabi/12.2.1/thumb/v7-m/nofp\libstdc++.a(atexit_arm.o)
                0x0800b76c                __aeabi_atexit
 .text._ZN10__cxxabiv1L24__is_gxx_exception_classEPc
                0x0800b778       0x3c d:/stm32cubetoolchains/arm-gnu-toolchain-12.2.rel1-mingw-w64-i686-arm-none-eabi/bin/../lib/gcc/arm-none-eabi/12.2.1/thumb/v7-m/nofp\libstdc++.a(eh_call.o)
 .text.__cxa_call_terminate
                0x0800b7b4       0x20 d:/stm32cubetoolchains/arm-gnu-toolchain-12.2.rel1-mingw-w64-i686-arm-none-eabi/bin/../lib/gcc/arm-none-eabi/12.2.1/thumb/v7-m/nofp\libstdc++.a(eh_call.o)
                0x0800b7b4                __cxa_call_terminate
 .text.unlikely.__cxa_call_unexpected
                0x0800b7d4       0xd0 d:/stm32cubetoolchains/arm-gnu-toolchain-12.2.rel1-mingw-w64-i686-arm-none-eabi/bin/../lib/gcc/arm-none-eabi/12.2.1/thumb/v7-m/nofp\libstdc++.a(eh_call.o)
                0x0800b7d4                __cxa_call_unexpected
 .text.selfrel_offset31
                0x0800b8a4       0x14 d:/stm32cubetoolchains/arm-gnu-toolchain-12.2.rel1-mingw-w64-i686-arm-none-eabi/bin/../lib/gcc/arm-none-eabi/12.2.1/thumb/v7-m/nofp\libgcc.a(unwind-arm.o)
 .text.search_EIT_table
                0x0800b8b8       0x64 d:/stm32cubetoolchains/arm-gnu-toolchain-12.2.rel1-mingw-w64-i686-arm-none-eabi/bin/../lib/gcc/arm-none-eabi/12.2.1/thumb/v7-m/nofp\libgcc.a(unwind-arm.o)
 .text.__gnu_unwind_get_pr_addr
                0x0800b91c       0x28 d:/stm32cubetoolchains/arm-gnu-toolchain-12.2.rel1-mingw-w64-i686-arm-none-eabi/bin/../lib/gcc/arm-none-eabi/12.2.1/thumb/v7-m/nofp\libgcc.a(unwind-arm.o)
 .text.get_eit_entry
                0x0800b944       0x94 d:/stm32cubetoolchains/arm-gnu-toolchain-12.2.rel1-mingw-w64-i686-arm-none-eabi/bin/../lib/gcc/arm-none-eabi/12.2.1/thumb/v7-m/nofp\libgcc.a(unwind-arm.o)
 .text.restore_non_core_regs
                0x0800b9d8       0x58 d:/stm32cubetoolchains/arm-gnu-toolchain-12.2.rel1-mingw-w64-i686-arm-none-eabi/bin/../lib/gcc/arm-none-eabi/12.2.1/thumb/v7-m/nofp\libgcc.a(unwind-arm.o)
 .text._Unwind_decode_typeinfo_ptr.constprop.0
                0x0800ba30        0xc d:/stm32cubetoolchains/arm-gnu-toolchain-12.2.rel1-mingw-w64-i686-arm-none-eabi/bin/../lib/gcc/arm-none-eabi/12.2.1/thumb/v7-m/nofp\libgcc.a(unwind-arm.o)
 .text._Unwind_DebugHook
                0x0800ba3c        0x4 d:/stm32cubetoolchains/arm-gnu-toolchain-12.2.rel1-mingw-w64-i686-arm-none-eabi/bin/../lib/gcc/arm-none-eabi/12.2.1/thumb/v7-m/nofp\libgcc.a(unwind-arm.o)
 .text.unwind_phase2
                0x0800ba40       0x3c d:/stm32cubetoolchains/arm-gnu-toolchain-12.2.rel1-mingw-w64-i686-arm-none-eabi/bin/../lib/gcc/arm-none-eabi/12.2.1/thumb/v7-m/nofp\libgcc.a(unwind-arm.o)
 .text.unwind_phase2_forced
                0x0800ba7c       0xe0 d:/stm32cubetoolchains/arm-gnu-toolchain-12.2.rel1-mingw-w64-i686-arm-none-eabi/bin/../lib/gcc/arm-none-eabi/12.2.1/thumb/v7-m/nofp\libgcc.a(unwind-arm.o)
 .text.__gnu_Unwind_RaiseException
                0x0800bb5c       0x68 d:/stm32cubetoolchains/arm-gnu-toolchain-12.2.rel1-mingw-w64-i686-arm-none-eabi/bin/../lib/gcc/arm-none-eabi/12.2.1/thumb/v7-m/nofp\libgcc.a(unwind-arm.o)
                0x0800bb5c                __gnu_Unwind_RaiseException
 .text.__gnu_Unwind_ForcedUnwind
                0x0800bbc4       0x18 d:/stm32cubetoolchains/arm-gnu-toolchain-12.2.rel1-mingw-w64-i686-arm-none-eabi/bin/../lib/gcc/arm-none-eabi/12.2.1/thumb/v7-m/nofp\libgcc.a(unwind-arm.o)
                0x0800bbc4                __gnu_Unwind_ForcedUnwind
 .text.__gnu_Unwind_Resume
                0x0800bbdc       0x40 d:/stm32cubetoolchains/arm-gnu-toolchain-12.2.rel1-mingw-w64-i686-arm-none-eabi/bin/../lib/gcc/arm-none-eabi/12.2.1/thumb/v7-m/nofp\libgcc.a(unwind-arm.o)
                0x0800bbdc                __gnu_Unwind_Resume
 .text.__gnu_Unwind_Resume_or_Rethrow
                0x0800bc1c       0x18 d:/stm32cubetoolchains/arm-gnu-toolchain-12.2.rel1-mingw-w64-i686-arm-none-eabi/bin/../lib/gcc/arm-none-eabi/12.2.1/thumb/v7-m/nofp\libgcc.a(unwind-arm.o)
                0x0800bc1c                __gnu_Unwind_Resume_or_Rethrow
 .text._Unwind_Complete
                0x0800bc34        0x4 d:/stm32cubetoolchains/arm-gnu-toolchain-12.2.rel1-mingw-w64-i686-arm-none-eabi/bin/../lib/gcc/arm-none-eabi/12.2.1/thumb/v7-m/nofp\libgcc.a(unwind-arm.o)
                0x0800bc34                _Unwind_Complete
 .text._Unwind_DeleteException
                0x0800bc38        0xc d:/stm32cubetoolchains/arm-gnu-toolchain-12.2.rel1-mingw-w64-i686-arm-none-eabi/bin/../lib/gcc/arm-none-eabi/12.2.1/thumb/v7-m/nofp\libgcc.a(unwind-arm.o)
                0x0800bc38                _Unwind_DeleteException
 .text._Unwind_VRS_Get
                0x0800bc44       0x30 d:/stm32cubetoolchains/arm-gnu-toolchain-12.2.rel1-mingw-w64-i686-arm-none-eabi/bin/../lib/gcc/arm-none-eabi/12.2.1/thumb/v7-m/nofp\libgcc.a(unwind-arm.o)
                0x0800bc44                _Unwind_VRS_Get
 .text._Unwind_GetGR
                0x0800bc74       0x1c d:/stm32cubetoolchains/arm-gnu-toolchain-12.2.rel1-mingw-w64-i686-arm-none-eabi/bin/../lib/gcc/arm-none-eabi/12.2.1/thumb/v7-m/nofp\libgcc.a(unwind-arm.o)
 .text._Unwind_VRS_Set
                0x0800bc90       0x30 d:/stm32cubetoolchains/arm-gnu-toolchain-12.2.rel1-mingw-w64-i686-arm-none-eabi/bin/../lib/gcc/arm-none-eabi/12.2.1/thumb/v7-m/nofp\libgcc.a(unwind-arm.o)
                0x0800bc90                _Unwind_VRS_Set
 .text._Unwind_SetGR
                0x0800bcc0       0x18 d:/stm32cubetoolchains/arm-gnu-toolchain-12.2.rel1-mingw-w64-i686-arm-none-eabi/bin/../lib/gcc/arm-none-eabi/12.2.1/thumb/v7-m/nofp\libgcc.a(unwind-arm.o)
 .text.__gnu_Unwind_Backtrace
                0x0800bcd8       0x80 d:/stm32cubetoolchains/arm-gnu-toolchain-12.2.rel1-mingw-w64-i686-arm-none-eabi/bin/../lib/gcc/arm-none-eabi/12.2.1/thumb/v7-m/nofp\libgcc.a(unwind-arm.o)
                0x0800bcd8                __gnu_Unwind_Backtrace
 .text.__gnu_unwind_pr_common
                0x0800bd58      0x298 d:/stm32cubetoolchains/arm-gnu-toolchain-12.2.rel1-mingw-w64-i686-arm-none-eabi/bin/../lib/gcc/arm-none-eabi/12.2.1/thumb/v7-m/nofp\libgcc.a(unwind-arm.o)
 .text.__aeabi_unwind_cpp_pr0
                0x0800bff0        0x8 d:/stm32cubetoolchains/arm-gnu-toolchain-12.2.rel1-mingw-w64-i686-arm-none-eabi/bin/../lib/gcc/arm-none-eabi/12.2.1/thumb/v7-m/nofp\libgcc.a(unwind-arm.o)
                0x0800bff0                __aeabi_unwind_cpp_pr0
 .text.__aeabi_unwind_cpp_pr1
                0x0800bff8        0x8 d:/stm32cubetoolchains/arm-gnu-toolchain-12.2.rel1-mingw-w64-i686-arm-none-eabi/bin/../lib/gcc/arm-none-eabi/12.2.1/thumb/v7-m/nofp\libgcc.a(unwind-arm.o)
                0x0800bff8                __aeabi_unwind_cpp_pr1
 .text.__aeabi_unwind_cpp_pr2
                0x0800c000        0x8 d:/stm32cubetoolchains/arm-gnu-toolchain-12.2.rel1-mingw-w64-i686-arm-none-eabi/bin/../lib/gcc/arm-none-eabi/12.2.1/thumb/v7-m/nofp\libgcc.a(unwind-arm.o)
                0x0800c000                __aeabi_unwind_cpp_pr2
 .text._Unwind_VRS_Pop
                0x0800c008      0x2a0 d:/stm32cubetoolchains/arm-gnu-toolchain-12.2.rel1-mingw-w64-i686-arm-none-eabi/bin/../lib/gcc/arm-none-eabi/12.2.1/thumb/v7-m/nofp\libgcc.a(unwind-arm.o)
                0x0800c008                _Unwind_VRS_Pop
 .text.next_unwind_byte
                0x0800c2a8       0x38 d:/stm32cubetoolchains/arm-gnu-toolchain-12.2.rel1-mingw-w64-i686-arm-none-eabi/bin/../lib/gcc/arm-none-eabi/12.2.1/thumb/v7-m/nofp\libgcc.a(pr-support.o)
 .text._Unwind_GetGR.constprop.0
                0x0800c2e0       0x1c d:/stm32cubetoolchains/arm-gnu-toolchain-12.2.rel1-mingw-w64-i686-arm-none-eabi/bin/../lib/gcc/arm-none-eabi/12.2.1/thumb/v7-m/nofp\libgcc.a(pr-support.o)
 .text.unwind_UCB_from_context
                0x0800c2fc        0x4 d:/stm32cubetoolchains/arm-gnu-toolchain-12.2.rel1-mingw-w64-i686-arm-none-eabi/bin/../lib/gcc/arm-none-eabi/12.2.1/thumb/v7-m/nofp\libgcc.a(pr-support.o)
 .text.__gnu_unwind_execute
                0x0800c300      0x2d4 d:/stm32cubetoolchains/arm-gnu-toolchain-12.2.rel1-mingw-w64-i686-arm-none-eabi/bin/../lib/gcc/arm-none-eabi/12.2.1/thumb/v7-m/nofp\libgcc.a(pr-support.o)
                0x0800c300                __gnu_unwind_execute
 .text.__gnu_unwind_frame
                0x0800c5d4       0x30 d:/stm32cubetoolchains/arm-gnu-toolchain-12.2.rel1-mingw-w64-i686-arm-none-eabi/bin/../lib/gcc/arm-none-eabi/12.2.1/thumb/v7-m/nofp\libgcc.a(pr-support.o)
                0x0800c5d4                __gnu_unwind_frame
 .text._Unwind_GetRegionStart
                0x0800c604        0xc d:/stm32cubetoolchains/arm-gnu-toolchain-12.2.rel1-mingw-w64-i686-arm-none-eabi/bin/../lib/gcc/arm-none-eabi/12.2.1/thumb/v7-m/nofp\libgcc.a(pr-support.o)
                0x0800c604                _Unwind_GetRegionStart
 .text._Unwind_GetLanguageSpecificData
                0x0800c610       0x14 d:/stm32cubetoolchains/arm-gnu-toolchain-12.2.rel1-mingw-w64-i686-arm-none-eabi/bin/../lib/gcc/arm-none-eabi/12.2.1/thumb/v7-m/nofp\libgcc.a(pr-support.o)
                0x0800c610                _Unwind_GetLanguageSpecificData
 .text.unlikely._Unwind_GetDataRelBase
                0x0800c624        0x6 d:/stm32cubetoolchains/arm-gnu-toolchain-12.2.rel1-mingw-w64-i686-arm-none-eabi/bin/../lib/gcc/arm-none-eabi/12.2.1/thumb/v7-m/nofp\libgcc.a(pr-support.o)
                0x0800c624                _Unwind_GetDataRelBase
 .text.unlikely._Unwind_GetTextRelBase
                0x0800c62a        0x6 d:/stm32cubetoolchains/arm-gnu-toolchain-12.2.rel1-mingw-w64-i686-arm-none-eabi/bin/../lib/gcc/arm-none-eabi/12.2.1/thumb/v7-m/nofp\libgcc.a(pr-support.o)
                0x0800c62a                _Unwind_GetTextRelBase
 .text.abort    0x0800c630       0x10 d:/stm32cubetoolchains/arm-gnu-toolchain-12.2.rel1-mingw-w64-i686-arm-none-eabi/bin/../lib/gcc/arm-none-eabi/12.2.1/thumb/v7-m/nofp\libg.a(libc_a-abort.o)
                0x0800c630                abort
 .text.malloc   0x0800c640       0x10 d:/stm32cubetoolchains/arm-gnu-toolchain-12.2.rel1-mingw-w64-i686-arm-none-eabi/bin/../lib/gcc/arm-none-eabi/12.2.1/thumb/v7-m/nofp\libg.a(libc_a-malloc.o)
                0x0800c640                malloc
 .text.free     0x0800c650       0x10 d:/stm32cubetoolchains/arm-gnu-toolchain-12.2.rel1-mingw-w64-i686-arm-none-eabi/bin/../lib/gcc/arm-none-eabi/12.2.1/thumb/v7-m/nofp\libg.a(libc_a-malloc.o)
                0x0800c650                free
 .text._malloc_r
                0x0800c660      0x568 d:/stm32cubetoolchains/arm-gnu-toolchain-12.2.rel1-mingw-w64-i686-arm-none-eabi/bin/../lib/gcc/arm-none-eabi/12.2.1/thumb/v7-m/nofp\libg.a(libc_a-mallocr.o)
                0x0800c660                _malloc_r
 .text.__malloc_lock
                0x0800cbc8        0xc d:/stm32cubetoolchains/arm-gnu-toolchain-12.2.rel1-mingw-w64-i686-arm-none-eabi/bin/../lib/gcc/arm-none-eabi/12.2.1/thumb/v7-m/nofp\libg.a(libc_a-mlock.o)
                0x0800cbc8                __malloc_lock
 .text.__malloc_unlock
                0x0800cbd4        0xc d:/stm32cubetoolchains/arm-gnu-toolchain-12.2.rel1-mingw-w64-i686-arm-none-eabi/bin/../lib/gcc/arm-none-eabi/12.2.1/thumb/v7-m/nofp\libg.a(libc_a-mlock.o)
                0x0800cbd4                __malloc_unlock
 .text.realloc  0x0800cbe0       0x14 d:/stm32cubetoolchains/arm-gnu-toolchain-12.2.rel1-mingw-w64-i686-arm-none-eabi/bin/../lib/gcc/arm-none-eabi/12.2.1/thumb/v7-m/nofp\libg.a(libc_a-realloc.o)
                0x0800cbe0                realloc
 .text._realloc_r
                0x0800cbf4      0x358 d:/stm32cubetoolchains/arm-gnu-toolchain-12.2.rel1-mingw-w64-i686-arm-none-eabi/bin/../lib/gcc/arm-none-eabi/12.2.1/thumb/v7-m/nofp\libg.a(libc_a-reallocr.o)
                0x0800cbf4                _realloc_r
 .text.__cxa_atexit
                0x0800cf4c       0x18 d:/stm32cubetoolchains/arm-gnu-toolchain-12.2.rel1-mingw-w64-i686-arm-none-eabi/bin/../lib/gcc/arm-none-eabi/12.2.1/thumb/v7-m/nofp\libg.a(libc_a-cxa_atexit.o)
                0x0800cf4c                __cxa_atexit
 .text.stdio_exit_handler
                0x0800cf64       0x18 d:/stm32cubetoolchains/arm-gnu-toolchain-12.2.rel1-mingw-w64-i686-arm-none-eabi/bin/../lib/gcc/arm-none-eabi/12.2.1/thumb/v7-m/nofp\libg.a(libc_a-findfp.o)
 .text.cleanup_stdio
                0x0800cf7c       0x40 d:/stm32cubetoolchains/arm-gnu-toolchain-12.2.rel1-mingw-w64-i686-arm-none-eabi/bin/../lib/gcc/arm-none-eabi/12.2.1/thumb/v7-m/nofp\libg.a(libc_a-findfp.o)
 .text.global_stdio_init.part.0
                0x0800cfbc       0xf0 d:/stm32cubetoolchains/arm-gnu-toolchain-12.2.rel1-mingw-w64-i686-arm-none-eabi/bin/../lib/gcc/arm-none-eabi/12.2.1/thumb/v7-m/nofp\libg.a(libc_a-findfp.o)
 .text.__sinit  0x0800d0ac       0x3c d:/stm32cubetoolchains/arm-gnu-toolchain-12.2.rel1-mingw-w64-i686-arm-none-eabi/bin/../lib/gcc/arm-none-eabi/12.2.1/thumb/v7-m/nofp\libg.a(libc_a-findfp.o)
                0x0800d0ac                __sinit
 .text.__sfp_lock_acquire
                0x0800d0e8        0xc d:/stm32cubetoolchains/arm-gnu-toolchain-12.2.rel1-mingw-w64-i686-arm-none-eabi/bin/../lib/gcc/arm-none-eabi/12.2.1/thumb/v7-m/nofp\libg.a(libc_a-findfp.o)
                0x0800d0e8                __sfp_lock_acquire
 .text.__sfp_lock_release
                0x0800d0f4        0xc d:/stm32cubetoolchains/arm-gnu-toolchain-12.2.rel1-mingw-w64-i686-arm-none-eabi/bin/../lib/gcc/arm-none-eabi/12.2.1/thumb/v7-m/nofp\libg.a(libc_a-findfp.o)
                0x0800d0f4                __sfp_lock_release
 .text.fputc    0x0800d100       0x58 d:/stm32cubetoolchains/arm-gnu-toolchain-12.2.rel1-mingw-w64-i686-arm-none-eabi/bin/../lib/gcc/arm-none-eabi/12.2.1/thumb/v7-m/nofp\libg.a(libc_a-fputc.o)
                0x0800d100                fputc
 .text._fputs_r
                0x0800d158       0x84 d:/stm32cubetoolchains/arm-gnu-toolchain-12.2.rel1-mingw-w64-i686-arm-none-eabi/bin/../lib/gcc/arm-none-eabi/12.2.1/thumb/v7-m/nofp\libg.a(libc_a-fputs.o)
                0x0800d158                _fputs_r
 .text.fputs    0x0800d1dc       0x14 d:/stm32cubetoolchains/arm-gnu-toolchain-12.2.rel1-mingw-w64-i686-arm-none-eabi/bin/../lib/gcc/arm-none-eabi/12.2.1/thumb/v7-m/nofp\libg.a(libc_a-fputs.o)
                0x0800d1dc                fputs
 .text.__sfvwrite_r
                0x0800d1f0      0x2dc d:/stm32cubetoolchains/arm-gnu-toolchain-12.2.rel1-mingw-w64-i686-arm-none-eabi/bin/../lib/gcc/arm-none-eabi/12.2.1/thumb/v7-m/nofp\libg.a(libc_a-fvwrite.o)
                0x0800d1f0                __sfvwrite_r
 .text._fwalk_sglue
                0x0800d4cc       0x44 d:/stm32cubetoolchains/arm-gnu-toolchain-12.2.rel1-mingw-w64-i686-arm-none-eabi/bin/../lib/gcc/arm-none-eabi/12.2.1/thumb/v7-m/nofp\libg.a(libc_a-fwalk.o)
                0x0800d4cc                _fwalk_sglue
 .text._fwrite_r
                0x0800d510       0xa0 d:/stm32cubetoolchains/arm-gnu-toolchain-12.2.rel1-mingw-w64-i686-arm-none-eabi/bin/../lib/gcc/arm-none-eabi/12.2.1/thumb/v7-m/nofp\libg.a(libc_a-fwrite.o)
                0x0800d510                _fwrite_r
 .text.fwrite   0x0800d5b0       0x24 d:/stm32cubetoolchains/arm-gnu-toolchain-12.2.rel1-mingw-w64-i686-arm-none-eabi/bin/../lib/gcc/arm-none-eabi/12.2.1/thumb/v7-m/nofp\libg.a(libc_a-fwrite.o)
                0x0800d5b0                fwrite
 .text._putc_r  0x0800d5d4       0x78 d:/stm32cubetoolchains/arm-gnu-toolchain-12.2.rel1-mingw-w64-i686-arm-none-eabi/bin/../lib/gcc/arm-none-eabi/12.2.1/thumb/v7-m/nofp\libg.a(libc_a-putc.o)
                0x0800d5d4                _putc_r
 .text.sprintf  0x0800d64c       0x44 d:/stm32cubetoolchains/arm-gnu-toolchain-12.2.rel1-mingw-w64-i686-arm-none-eabi/bin/../lib/gcc/arm-none-eabi/12.2.1/thumb/v7-m/nofp\libg.a(libc_a-sprintf.o)
                0x0800d64c                sprintf
 .text.__sread  0x0800d690       0x24 d:/stm32cubetoolchains/arm-gnu-toolchain-12.2.rel1-mingw-w64-i686-arm-none-eabi/bin/../lib/gcc/arm-none-eabi/12.2.1/thumb/v7-m/nofp\libg.a(libc_a-stdio.o)
                0x0800d690                __sread
 .text.__swrite
                0x0800d6b4       0x40 d:/stm32cubetoolchains/arm-gnu-toolchain-12.2.rel1-mingw-w64-i686-arm-none-eabi/bin/../lib/gcc/arm-none-eabi/12.2.1/thumb/v7-m/nofp\libg.a(libc_a-stdio.o)
                0x0800d6b4                __swrite
 .text.__sseek  0x0800d6f4       0x24 d:/stm32cubetoolchains/arm-gnu-toolchain-12.2.rel1-mingw-w64-i686-arm-none-eabi/bin/../lib/gcc/arm-none-eabi/12.2.1/thumb/v7-m/nofp\libg.a(libc_a-stdio.o)
                0x0800d6f4                __sseek
 .text.__sclose
                0x0800d718        0x8 d:/stm32cubetoolchains/arm-gnu-toolchain-12.2.rel1-mingw-w64-i686-arm-none-eabi/bin/../lib/gcc/arm-none-eabi/12.2.1/thumb/v7-m/nofp\libg.a(libc_a-stdio.o)
                0x0800d718                __sclose
 .text.__swbuf_r
                0x0800d720       0xac d:/stm32cubetoolchains/arm-gnu-toolchain-12.2.rel1-mingw-w64-i686-arm-none-eabi/bin/../lib/gcc/arm-none-eabi/12.2.1/thumb/v7-m/nofp\libg.a(libc_a-wbuf.o)
                0x0800d720                __swbuf_r
 .text.__swsetup_r